Archive member included to satisfy reference by file (symbol)

/Applications/ARM/bin/../lib/gcc/arm-none-eabi/10.2.1/../../../../arm-none-eabi/lib/thumb/v7e-m/nofp/libc.a(lib_a-exit.o)
                              /Applications/ARM/bin/../lib/gcc/arm-none-eabi/10.2.1/../../../../arm-none-eabi/lib/thumb/v7e-m/nofp/rdimon-crt0.o (exit)
/Applications/ARM/bin/../lib/gcc/arm-none-eabi/10.2.1/../../../../arm-none-eabi/lib/thumb/v7e-m/nofp/libc.a(lib_a-impure.o)
                              /Applications/ARM/bin/../lib/gcc/arm-none-eabi/10.2.1/../../../../arm-none-eabi/lib/thumb/v7e-m/nofp/libc.a(lib_a-exit.o) (_global_impure_ptr)
/Applications/ARM/bin/../lib/gcc/arm-none-eabi/10.2.1/../../../../arm-none-eabi/lib/thumb/v7e-m/nofp/libc.a(lib_a-init.o)
                              /Applications/ARM/bin/../lib/gcc/arm-none-eabi/10.2.1/../../../../arm-none-eabi/lib/thumb/v7e-m/nofp/rdimon-crt0.o (__libc_init_array)
/Applications/ARM/bin/../lib/gcc/arm-none-eabi/10.2.1/../../../../arm-none-eabi/lib/thumb/v7e-m/nofp/libc.a(lib_a-memset.o)
                              /Applications/ARM/bin/../lib/gcc/arm-none-eabi/10.2.1/../../../../arm-none-eabi/lib/thumb/v7e-m/nofp/rdimon-crt0.o (memset)
/Applications/ARM/bin/../lib/gcc/arm-none-eabi/10.2.1/../../../../arm-none-eabi/lib/thumb/v7e-m/nofp/libc.a(lib_a-puts.o)
                              main.o (puts)
/Applications/ARM/bin/../lib/gcc/arm-none-eabi/10.2.1/../../../../arm-none-eabi/lib/thumb/v7e-m/nofp/libc.a(lib_a-strlen.o)
                              /Applications/ARM/bin/../lib/gcc/arm-none-eabi/10.2.1/../../../../arm-none-eabi/lib/thumb/v7e-m/nofp/libc.a(lib_a-puts.o) (strlen)
/Applications/ARM/bin/../lib/gcc/arm-none-eabi/10.2.1/../../../../arm-none-eabi/lib/thumb/v7e-m/nofp/libc.a(lib_a-__call_atexit.o)
                              /Applications/ARM/bin/../lib/gcc/arm-none-eabi/10.2.1/../../../../arm-none-eabi/lib/thumb/v7e-m/nofp/libc.a(lib_a-exit.o) (__call_exitprocs)
/Applications/ARM/bin/../lib/gcc/arm-none-eabi/10.2.1/../../../../arm-none-eabi/lib/thumb/v7e-m/nofp/libc.a(lib_a-atexit.o)
                              /Applications/ARM/bin/../lib/gcc/arm-none-eabi/10.2.1/../../../../arm-none-eabi/lib/thumb/v7e-m/nofp/libc.a(lib_a-__call_atexit.o) (atexit)
/Applications/ARM/bin/../lib/gcc/arm-none-eabi/10.2.1/../../../../arm-none-eabi/lib/thumb/v7e-m/nofp/libc.a(lib_a-findfp.o)
                              /Applications/ARM/bin/../lib/gcc/arm-none-eabi/10.2.1/../../../../arm-none-eabi/lib/thumb/v7e-m/nofp/libc.a(lib_a-puts.o) (__sinit)
/Applications/ARM/bin/../lib/gcc/arm-none-eabi/10.2.1/../../../../arm-none-eabi/lib/thumb/v7e-m/nofp/libc.a(lib_a-fini.o)
                              /Applications/ARM/bin/../lib/gcc/arm-none-eabi/10.2.1/../../../../arm-none-eabi/lib/thumb/v7e-m/nofp/libc.a(lib_a-__call_atexit.o) (__libc_fini_array)
/Applications/ARM/bin/../lib/gcc/arm-none-eabi/10.2.1/../../../../arm-none-eabi/lib/thumb/v7e-m/nofp/libc.a(lib_a-fvwrite.o)
                              /Applications/ARM/bin/../lib/gcc/arm-none-eabi/10.2.1/../../../../arm-none-eabi/lib/thumb/v7e-m/nofp/libc.a(lib_a-puts.o) (__sfvwrite_r)
/Applications/ARM/bin/../lib/gcc/arm-none-eabi/10.2.1/../../../../arm-none-eabi/lib/thumb/v7e-m/nofp/libc.a(lib_a-fwalk.o)
                              /Applications/ARM/bin/../lib/gcc/arm-none-eabi/10.2.1/../../../../arm-none-eabi/lib/thumb/v7e-m/nofp/libc.a(lib_a-findfp.o) (_fwalk)
/Applications/ARM/bin/../lib/gcc/arm-none-eabi/10.2.1/../../../../arm-none-eabi/lib/thumb/v7e-m/nofp/libc.a(lib_a-lock.o)
                              /Applications/ARM/bin/../lib/gcc/arm-none-eabi/10.2.1/../../../../arm-none-eabi/lib/thumb/v7e-m/nofp/libc.a(lib_a-findfp.o) (__retarget_lock_init_recursive)
/Applications/ARM/bin/../lib/gcc/arm-none-eabi/10.2.1/../../../../arm-none-eabi/lib/thumb/v7e-m/nofp/libc.a(lib_a-mallocr.o)
                              /Applications/ARM/bin/../lib/gcc/arm-none-eabi/10.2.1/../../../../arm-none-eabi/lib/thumb/v7e-m/nofp/libc.a(lib_a-findfp.o) (_malloc_r)
/Applications/ARM/bin/../lib/gcc/arm-none-eabi/10.2.1/../../../../arm-none-eabi/lib/thumb/v7e-m/nofp/libc.a(lib_a-memchr.o)
                              /Applications/ARM/bin/../lib/gcc/arm-none-eabi/10.2.1/../../../../arm-none-eabi/lib/thumb/v7e-m/nofp/libc.a(lib_a-fvwrite.o) (memchr)
/Applications/ARM/bin/../lib/gcc/arm-none-eabi/10.2.1/../../../../arm-none-eabi/lib/thumb/v7e-m/nofp/libc.a(lib_a-memcpy.o)
                              /Applications/ARM/bin/../lib/gcc/arm-none-eabi/10.2.1/../../../../arm-none-eabi/lib/thumb/v7e-m/nofp/libc.a(lib_a-fvwrite.o) (memcpy)
/Applications/ARM/bin/../lib/gcc/arm-none-eabi/10.2.1/../../../../arm-none-eabi/lib/thumb/v7e-m/nofp/libc.a(lib_a-memmove.o)
                              /Applications/ARM/bin/../lib/gcc/arm-none-eabi/10.2.1/../../../../arm-none-eabi/lib/thumb/v7e-m/nofp/libc.a(lib_a-fvwrite.o) (memmove)
/Applications/ARM/bin/../lib/gcc/arm-none-eabi/10.2.1/../../../../arm-none-eabi/lib/thumb/v7e-m/nofp/libc.a(lib_a-mlock.o)
                              /Applications/ARM/bin/../lib/gcc/arm-none-eabi/10.2.1/../../../../arm-none-eabi/lib/thumb/v7e-m/nofp/libc.a(lib_a-mallocr.o) (__malloc_lock)
/Applications/ARM/bin/../lib/gcc/arm-none-eabi/10.2.1/../../../../arm-none-eabi/lib/thumb/v7e-m/nofp/libc.a(lib_a-reallocr.o)
                              /Applications/ARM/bin/../lib/gcc/arm-none-eabi/10.2.1/../../../../arm-none-eabi/lib/thumb/v7e-m/nofp/libc.a(lib_a-fvwrite.o) (_realloc_r)
/Applications/ARM/bin/../lib/gcc/arm-none-eabi/10.2.1/../../../../arm-none-eabi/lib/thumb/v7e-m/nofp/libc.a(lib_a-sbrkr.o)
                              /Applications/ARM/bin/../lib/gcc/arm-none-eabi/10.2.1/../../../../arm-none-eabi/lib/thumb/v7e-m/nofp/libc.a(lib_a-mallocr.o) (_sbrk_r)
/Applications/ARM/bin/../lib/gcc/arm-none-eabi/10.2.1/../../../../arm-none-eabi/lib/thumb/v7e-m/nofp/libc.a(lib_a-stdio.o)
                              /Applications/ARM/bin/../lib/gcc/arm-none-eabi/10.2.1/../../../../arm-none-eabi/lib/thumb/v7e-m/nofp/libc.a(lib_a-findfp.o) (__sread)
/Applications/ARM/bin/../lib/gcc/arm-none-eabi/10.2.1/../../../../arm-none-eabi/lib/thumb/v7e-m/nofp/libc.a(lib_a-writer.o)
                              /Applications/ARM/bin/../lib/gcc/arm-none-eabi/10.2.1/../../../../arm-none-eabi/lib/thumb/v7e-m/nofp/libc.a(lib_a-stdio.o) (_write_r)
/Applications/ARM/bin/../lib/gcc/arm-none-eabi/10.2.1/../../../../arm-none-eabi/lib/thumb/v7e-m/nofp/libc.a(lib_a-wsetup.o)
                              /Applications/ARM/bin/../lib/gcc/arm-none-eabi/10.2.1/../../../../arm-none-eabi/lib/thumb/v7e-m/nofp/libc.a(lib_a-fvwrite.o) (__swsetup_r)
/Applications/ARM/bin/../lib/gcc/arm-none-eabi/10.2.1/../../../../arm-none-eabi/lib/thumb/v7e-m/nofp/libc.a(lib_a-__atexit.o)
                              /Applications/ARM/bin/../lib/gcc/arm-none-eabi/10.2.1/../../../../arm-none-eabi/lib/thumb/v7e-m/nofp/libc.a(lib_a-atexit.o) (__register_exitproc)
/Applications/ARM/bin/../lib/gcc/arm-none-eabi/10.2.1/../../../../arm-none-eabi/lib/thumb/v7e-m/nofp/libc.a(lib_a-closer.o)
                              /Applications/ARM/bin/../lib/gcc/arm-none-eabi/10.2.1/../../../../arm-none-eabi/lib/thumb/v7e-m/nofp/libc.a(lib_a-stdio.o) (_close_r)
/Applications/ARM/bin/../lib/gcc/arm-none-eabi/10.2.1/../../../../arm-none-eabi/lib/thumb/v7e-m/nofp/libc.a(lib_a-fclose.o)
                              /Applications/ARM/bin/../lib/gcc/arm-none-eabi/10.2.1/../../../../arm-none-eabi/lib/thumb/v7e-m/nofp/libc.a(lib_a-findfp.o) (_fclose_r)
/Applications/ARM/bin/../lib/gcc/arm-none-eabi/10.2.1/../../../../arm-none-eabi/lib/thumb/v7e-m/nofp/libc.a(lib_a-fflush.o)
                              /Applications/ARM/bin/../lib/gcc/arm-none-eabi/10.2.1/../../../../arm-none-eabi/lib/thumb/v7e-m/nofp/libc.a(lib_a-fclose.o) (__sflush_r)
/Applications/ARM/bin/../lib/gcc/arm-none-eabi/10.2.1/../../../../arm-none-eabi/lib/thumb/v7e-m/nofp/libc.a(lib_a-freer.o)
                              /Applications/ARM/bin/../lib/gcc/arm-none-eabi/10.2.1/../../../../arm-none-eabi/lib/thumb/v7e-m/nofp/libc.a(lib_a-fvwrite.o) (_free_r)
/Applications/ARM/bin/../lib/gcc/arm-none-eabi/10.2.1/../../../../arm-none-eabi/lib/thumb/v7e-m/nofp/libc.a(lib_a-lseekr.o)
                              /Applications/ARM/bin/../lib/gcc/arm-none-eabi/10.2.1/../../../../arm-none-eabi/lib/thumb/v7e-m/nofp/libc.a(lib_a-stdio.o) (_lseek_r)
/Applications/ARM/bin/../lib/gcc/arm-none-eabi/10.2.1/../../../../arm-none-eabi/lib/thumb/v7e-m/nofp/libc.a(lib_a-makebuf.o)
                              /Applications/ARM/bin/../lib/gcc/arm-none-eabi/10.2.1/../../../../arm-none-eabi/lib/thumb/v7e-m/nofp/libc.a(lib_a-wsetup.o) (__smakebuf_r)
/Applications/ARM/bin/../lib/gcc/arm-none-eabi/10.2.1/../../../../arm-none-eabi/lib/thumb/v7e-m/nofp/libc.a(lib_a-readr.o)
                              /Applications/ARM/bin/../lib/gcc/arm-none-eabi/10.2.1/../../../../arm-none-eabi/lib/thumb/v7e-m/nofp/libc.a(lib_a-stdio.o) (_read_r)
/Applications/ARM/bin/../lib/gcc/arm-none-eabi/10.2.1/../../../../arm-none-eabi/lib/thumb/v7e-m/nofp/libc.a(lib_a-reent.o)
                              /Applications/ARM/bin/../lib/gcc/arm-none-eabi/10.2.1/../../../../arm-none-eabi/lib/thumb/v7e-m/nofp/libc.a(lib_a-sbrkr.o) (errno)
/Applications/ARM/bin/../lib/gcc/arm-none-eabi/10.2.1/../../../../arm-none-eabi/lib/thumb/v7e-m/nofp/libc.a(lib_a-fstatr.o)
                              /Applications/ARM/bin/../lib/gcc/arm-none-eabi/10.2.1/../../../../arm-none-eabi/lib/thumb/v7e-m/nofp/libc.a(lib_a-makebuf.o) (_fstat_r)
/Applications/ARM/bin/../lib/gcc/arm-none-eabi/10.2.1/../../../../arm-none-eabi/lib/thumb/v7e-m/nofp/libc.a(lib_a-isattyr.o)
                              /Applications/ARM/bin/../lib/gcc/arm-none-eabi/10.2.1/../../../../arm-none-eabi/lib/thumb/v7e-m/nofp/libc.a(lib_a-makebuf.o) (_isatty_r)
/Applications/ARM/bin/../lib/gcc/arm-none-eabi/10.2.1/../../../../arm-none-eabi/lib/thumb/v7e-m/nofp/librdimon.a(rdimon-syscalls.o)
                              /Applications/ARM/bin/../lib/gcc/arm-none-eabi/10.2.1/../../../../arm-none-eabi/lib/thumb/v7e-m/nofp/libc.a(lib_a-readr.o) (_read)
/Applications/ARM/bin/../lib/gcc/arm-none-eabi/10.2.1/../../../../arm-none-eabi/lib/thumb/v7e-m/nofp/librdimon.a(rdimon-_exit.o)
                              /Applications/ARM/bin/../lib/gcc/arm-none-eabi/10.2.1/../../../../arm-none-eabi/lib/thumb/v7e-m/nofp/libc.a(lib_a-exit.o) (_exit)
/Applications/ARM/bin/../lib/gcc/arm-none-eabi/10.2.1/../../../../arm-none-eabi/lib/thumb/v7e-m/nofp/librdimon.a(rdimon-_kill.o)
                              /Applications/ARM/bin/../lib/gcc/arm-none-eabi/10.2.1/../../../../arm-none-eabi/lib/thumb/v7e-m/nofp/librdimon.a(rdimon-_exit.o) (_kill_shared)
/Applications/ARM/bin/../lib/gcc/arm-none-eabi/10.2.1/../../../../arm-none-eabi/lib/thumb/v7e-m/nofp/libc.a(lib_a-errno.o)
                              /Applications/ARM/bin/../lib/gcc/arm-none-eabi/10.2.1/../../../../arm-none-eabi/lib/thumb/v7e-m/nofp/librdimon.a(rdimon-syscalls.o) (__errno)

Memory Configuration

Name             Origin             Length             Attributes
FLASH            0x0000000008000000 0x0000000000100000 xr
SRAM             0x0000000020000000 0x0000000000020000 xrw
*default*        0x0000000000000000 0xffffffffffffffff

Linker script and memory map

LOAD /Applications/ARM/bin/../lib/gcc/arm-none-eabi/10.2.1/thumb/v7e-m/nofp/crti.o
LOAD /Applications/ARM/bin/../lib/gcc/arm-none-eabi/10.2.1/thumb/v7e-m/nofp/crtbegin.o
LOAD /Applications/ARM/bin/../lib/gcc/arm-none-eabi/10.2.1/../../../../arm-none-eabi/lib/thumb/v7e-m/nofp/rdimon-crt0.o
LOAD main.o
LOAD led.o
LOAD stm32_startup.o
START GROUP
LOAD /Applications/ARM/bin/../lib/gcc/arm-none-eabi/10.2.1/thumb/v7e-m/nofp/libgcc.a
LOAD /Applications/ARM/bin/../lib/gcc/arm-none-eabi/10.2.1/../../../../arm-none-eabi/lib/thumb/v7e-m/nofp/libc.a
END GROUP
START GROUP
LOAD /Applications/ARM/bin/../lib/gcc/arm-none-eabi/10.2.1/thumb/v7e-m/nofp/libgcc.a
LOAD /Applications/ARM/bin/../lib/gcc/arm-none-eabi/10.2.1/../../../../arm-none-eabi/lib/thumb/v7e-m/nofp/libc.a
LOAD /Applications/ARM/bin/../lib/gcc/arm-none-eabi/10.2.1/../../../../arm-none-eabi/lib/thumb/v7e-m/nofp/librdimon.a
END GROUP
LOAD /Applications/ARM/bin/../lib/gcc/arm-none-eabi/10.2.1/thumb/v7e-m/nofp/crtend.o
LOAD /Applications/ARM/bin/../lib/gcc/arm-none-eabi/10.2.1/thumb/v7e-m/nofp/crtn.o

.text           0x0000000008000000     0x360c
 *(.isr_vector)
 .isr_vector    0x0000000008000000      0x184 stm32_startup.o
                0x0000000008000000                vectors
 *(.text)
 .text          0x0000000008000184        0x0 /Applications/ARM/bin/../lib/gcc/arm-none-eabi/10.2.1/thumb/v7e-m/nofp/crti.o
 .text          0x0000000008000184       0x40 /Applications/ARM/bin/../lib/gcc/arm-none-eabi/10.2.1/thumb/v7e-m/nofp/crtbegin.o
 .text          0x00000000080001c4       0xf8 /Applications/ARM/bin/../lib/gcc/arm-none-eabi/10.2.1/../../../../arm-none-eabi/lib/thumb/v7e-m/nofp/rdimon-crt0.o
                0x00000000080001c4                _stack_init
                0x00000000080001d0                _mainCRTStartup
                0x00000000080001d0                _start
 .text          0x00000000080002bc      0x4f0 main.o
                0x00000000080002bc                main
                0x000000000800030c                enable_processor_faults
                0x0000000008000330                init_systick
                0x00000000080003a0                SysTick_Handler
                0x00000000080003c0                schedule
                0x00000000080003e4                PendSV_Handler
                0x000000000800040a                init_sched_stack
                0x0000000008000414                init_tasks
                0x0000000008000518                unblock_tasks
                0x0000000008000578                get_psp
                0x0000000008000598                save_psp
                0x00000000080005c0                select_next_task
                0x0000000008000648                switch_to_psp
                0x0000000008000666                task_delay
                0x00000000080006bc                task0_handler
                0x00000000080006c2                task1_handler
                0x00000000080006f0                task2_handler
                0x000000000800071c                task3_handler
                0x0000000008000744                task4_handler
                0x000000000800076c                HardFault_Handler
                0x000000000800077c                UsageFault_Handler_c
                0x000000000800078c                BusFault_Handler
                0x000000000800079c                MemManage_Handler
 .text          0x00000000080007ac       0xfc led.o
                0x00000000080007ac                delay
                0x00000000080007d4                led_init
                0x0000000008000848                led_on
                0x0000000008000878                led_off
 .text          0x00000000080008a8       0x90 stm32_startup.o
                0x00000000080008a8                Reset_Handler
                0x0000000008000930                HASH_RNG_IRQHandler
                0x0000000008000930                EXTI2_IRQHandler
                0x0000000008000930                TIM8_CC_IRQHandler
                0x0000000008000930                DebugMon_Handler
                0x0000000008000930                TIM1_CC_IRQHandler
                0x0000000008000930                DMA2_Stream5_IRQHandler
                0x0000000008000930                DMA1_Stream5_IRQHandler
                0x0000000008000930                PVD_IRQHandler
                0x0000000008000930                SDIO_IRQHandler
                0x0000000008000930                TAMP_STAMP_IRQHandler
                0x0000000008000930                NMI_Handler
                0x0000000008000930                CAN2_RX1_IRQHandler
                0x0000000008000930                EXTI3_IRQHandler
                0x0000000008000930                TIM8_TRG_COM_TIM14_IRQHandler
                0x0000000008000930                TIM1_UP_TIM10_IRQHandler
                0x0000000008000930                TIM8_UP_TIM13_IRQHandler
                0x0000000008000930                I2C3_ER_IRQHandler
                0x0000000008000930                EXTI0_IRQHandler
                0x0000000008000930                I2C2_EV_IRQHandler
                0x0000000008000930                DMA1_Stream2_IRQHandler
                0x0000000008000930                CAN1_RX0_IRQHandler
                0x0000000008000930                FPU_IRQHandler
                0x0000000008000930                OTG_HS_WKUP_IRQHandler
                0x0000000008000930                UsageFault_Handler
                0x0000000008000930                CAN2_SCE_IRQHandler
                0x0000000008000930                DMA2_Stream2_IRQHandler
                0x0000000008000930                SPI1_IRQHandler
                0x0000000008000930                TIM6_DAC_IRQHandler
                0x0000000008000930                TIM1_BRK_TIM9_IRQHandler
                0x0000000008000930                DCMI_IRQHandler
                0x0000000008000930                CAN2_RX0_IRQHandler
                0x0000000008000930                DMA2_Stream3_IRQHandler
                0x0000000008000930                USART6_IRQHandler
                0x0000000008000930                USART3_IRQHandler
                0x0000000008000930                CRYP_IRQHandler
                0x0000000008000930                CAN1_RX1_IRQHandler
                0x0000000008000930                UART5_IRQHandler
                0x0000000008000930                DMA2_Stream0_IRQHandler
                0x0000000008000930                TIM4_IRQHandler
                0x0000000008000930                I2C1_EV_IRQHandler
                0x0000000008000930                DMA1_Stream6_IRQHandler
                0x0000000008000930                DMA1_Stream1_IRQHandler
                0x0000000008000930                UART4_IRQHandler
                0x0000000008000930                TIM3_IRQHandler
                0x0000000008000930                RCC_IRQHandler
                0x0000000008000930                TIM8_BRK_TIM12_IRQHandler
                0x0000000008000930                Default_Handler
                0x0000000008000930                EXTI15_10_IRQHandler
                0x0000000008000930                ADC_IRQHandler
                0x0000000008000930                DMA1_Stream7_IRQHandler
                0x0000000008000930                TIM7_IRQHandler
                0x0000000008000930                CAN2_TX_IRQHandler
                0x0000000008000930                TIM5_IRQHandler
                0x0000000008000930                DMA2_Stream7_IRQHandler
                0x0000000008000930                I2C3_EV_IRQHandler
                0x0000000008000930                EXTI9_5_IRQHandler
                0x0000000008000930                RTC_WKUP_IRQHandler
                0x0000000008000930                ETH_WKUP_IRQHandler
                0x0000000008000930                SPI2_IRQHandler
                0x0000000008000930                OTG_HS_EP1_IN_IRQHandler
                0x0000000008000930                DMA1_Stream0_IRQHandler
                0x0000000008000930                CAN1_TX_IRQHandler
                0x0000000008000930                SVC_Handler
                0x0000000008000930                EXTI4_IRQHandler
                0x0000000008000930                FSMC_IRQHandler
                0x0000000008000930                ETH_IRQHandler
                0x0000000008000930                OTG_HS_EP1_OUT_IRQHandler
                0x0000000008000930                WWDG_IRQHandler
                0x0000000008000930                TIM2_IRQHandler
                0x0000000008000930                OTG_FS_WKUP_IRQHandler
                0x0000000008000930                TIM1_TRG_COM_TIM11_IRQHandler
                0x0000000008000930                OTG_HS_IRQHandler
                0x0000000008000930                EXTI1_IRQHandler
                0x0000000008000930                USART2_IRQHandler
                0x0000000008000930                I2C2_ER_IRQHandler
                0x0000000008000930                DMA2_Stream1_IRQHandler
                0x0000000008000930                CAN1_SCE_IRQHandler
                0x0000000008000930                DMA2_Stream4_IRQHandler
                0x0000000008000930                USART1_IRQHandler
                0x0000000008000930                OTG_FS_IRQHandler
                0x0000000008000930                SPI3_IRQHandler
                0x0000000008000930                DMA1_Stream4_IRQHandler
                0x0000000008000930                I2C1_ER_IRQHandler
                0x0000000008000930                DMA2_Stream6_IRQHandler
                0x0000000008000930                RTC_Alarm_IRQHandler
                0x0000000008000930                DMA1_Stream3_IRQHandler
 .text          0x0000000008000938        0x0 /Applications/ARM/bin/../lib/gcc/arm-none-eabi/10.2.1/../../../../arm-none-eabi/lib/thumb/v7e-m/nofp/libc.a(lib_a-exit.o)
 .text          0x0000000008000938        0x0 /Applications/ARM/bin/../lib/gcc/arm-none-eabi/10.2.1/../../../../arm-none-eabi/lib/thumb/v7e-m/nofp/libc.a(lib_a-impure.o)
 .text          0x0000000008000938        0x0 /Applications/ARM/bin/../lib/gcc/arm-none-eabi/10.2.1/../../../../arm-none-eabi/lib/thumb/v7e-m/nofp/libc.a(lib_a-init.o)
 .text          0x0000000008000938        0x0 /Applications/ARM/bin/../lib/gcc/arm-none-eabi/10.2.1/../../../../arm-none-eabi/lib/thumb/v7e-m/nofp/libc.a(lib_a-memset.o)
 .text          0x0000000008000938        0x0 /Applications/ARM/bin/../lib/gcc/arm-none-eabi/10.2.1/../../../../arm-none-eabi/lib/thumb/v7e-m/nofp/libc.a(lib_a-puts.o)
 *fill*         0x0000000008000938        0x8 
 .text          0x0000000008000940       0xdc /Applications/ARM/bin/../lib/gcc/arm-none-eabi/10.2.1/../../../../arm-none-eabi/lib/thumb/v7e-m/nofp/libc.a(lib_a-strlen.o)
                0x0000000008000940                strlen
 .text          0x0000000008000a1c        0x0 /Applications/ARM/bin/../lib/gcc/arm-none-eabi/10.2.1/../../../../arm-none-eabi/lib/thumb/v7e-m/nofp/libc.a(lib_a-__call_atexit.o)
 .text          0x0000000008000a1c        0x0 /Applications/ARM/bin/../lib/gcc/arm-none-eabi/10.2.1/../../../../arm-none-eabi/lib/thumb/v7e-m/nofp/libc.a(lib_a-atexit.o)
 .text          0x0000000008000a1c        0x0 /Applications/ARM/bin/../lib/gcc/arm-none-eabi/10.2.1/../../../../arm-none-eabi/lib/thumb/v7e-m/nofp/libc.a(lib_a-findfp.o)
 .text          0x0000000008000a1c        0x0 /Applications/ARM/bin/../lib/gcc/arm-none-eabi/10.2.1/../../../../arm-none-eabi/lib/thumb/v7e-m/nofp/libc.a(lib_a-fini.o)
 .text          0x0000000008000a1c        0x0 /Applications/ARM/bin/../lib/gcc/arm-none-eabi/10.2.1/../../../../arm-none-eabi/lib/thumb/v7e-m/nofp/libc.a(lib_a-fvwrite.o)
 .text          0x0000000008000a1c        0x0 /Applications/ARM/bin/../lib/gcc/arm-none-eabi/10.2.1/../../../../arm-none-eabi/lib/thumb/v7e-m/nofp/libc.a(lib_a-fwalk.o)
 .text          0x0000000008000a1c        0x0 /Applications/ARM/bin/../lib/gcc/arm-none-eabi/10.2.1/../../../../arm-none-eabi/lib/thumb/v7e-m/nofp/libc.a(lib_a-lock.o)
 .text          0x0000000008000a1c        0x0 /Applications/ARM/bin/../lib/gcc/arm-none-eabi/10.2.1/../../../../arm-none-eabi/lib/thumb/v7e-m/nofp/libc.a(lib_a-mallocr.o)
 *fill*         0x0000000008000a1c        0x4 
 .text          0x0000000008000a20       0xa0 /Applications/ARM/bin/../lib/gcc/arm-none-eabi/10.2.1/../../../../arm-none-eabi/lib/thumb/v7e-m/nofp/libc.a(lib_a-memchr.o)
                0x0000000008000a20                memchr
 .text          0x0000000008000ac0      0x134 /Applications/ARM/bin/../lib/gcc/arm-none-eabi/10.2.1/../../../../arm-none-eabi/lib/thumb/v7e-m/nofp/libc.a(lib_a-memcpy.o)
                0x0000000008000ac0                memcpy
 .text          0x0000000008000bf4        0x0 /Applications/ARM/bin/../lib/gcc/arm-none-eabi/10.2.1/../../../../arm-none-eabi/lib/thumb/v7e-m/nofp/libc.a(lib_a-memmove.o)
 .text          0x0000000008000bf4        0x0 /Applications/ARM/bin/../lib/gcc/arm-none-eabi/10.2.1/../../../../arm-none-eabi/lib/thumb/v7e-m/nofp/libc.a(lib_a-mlock.o)
 .text          0x0000000008000bf4        0x0 /Applications/ARM/bin/../lib/gcc/arm-none-eabi/10.2.1/../../../../arm-none-eabi/lib/thumb/v7e-m/nofp/libc.a(lib_a-reallocr.o)
 .text          0x0000000008000bf4        0x0 /Applications/ARM/bin/../lib/gcc/arm-none-eabi/10.2.1/../../../../arm-none-eabi/lib/thumb/v7e-m/nofp/libc.a(lib_a-sbrkr.o)
 .text          0x0000000008000bf4        0x0 /Applications/ARM/bin/../lib/gcc/arm-none-eabi/10.2.1/../../../../arm-none-eabi/lib/thumb/v7e-m/nofp/libc.a(lib_a-stdio.o)
 .text          0x0000000008000bf4        0x0 /Applications/ARM/bin/../lib/gcc/arm-none-eabi/10.2.1/../../../../arm-none-eabi/lib/thumb/v7e-m/nofp/libc.a(lib_a-writer.o)
 .text          0x0000000008000bf4        0x0 /Applications/ARM/bin/../lib/gcc/arm-none-eabi/10.2.1/../../../../arm-none-eabi/lib/thumb/v7e-m/nofp/libc.a(lib_a-wsetup.o)
 .text          0x0000000008000bf4        0x0 /Applications/ARM/bin/../lib/gcc/arm-none-eabi/10.2.1/../../../../arm-none-eabi/lib/thumb/v7e-m/nofp/libc.a(lib_a-__atexit.o)
 .text          0x0000000008000bf4        0x0 /Applications/ARM/bin/../lib/gcc/arm-none-eabi/10.2.1/../../../../arm-none-eabi/lib/thumb/v7e-m/nofp/libc.a(lib_a-closer.o)
 .text          0x0000000008000bf4        0x0 /Applications/ARM/bin/../lib/gcc/arm-none-eabi/10.2.1/../../../../arm-none-eabi/lib/thumb/v7e-m/nofp/libc.a(lib_a-fclose.o)
 .text          0x0000000008000bf4        0x0 /Applications/ARM/bin/../lib/gcc/arm-none-eabi/10.2.1/../../../../arm-none-eabi/lib/thumb/v7e-m/nofp/libc.a(lib_a-fflush.o)
 .text          0x0000000008000bf4        0x0 /Applications/ARM/bin/../lib/gcc/arm-none-eabi/10.2.1/../../../../arm-none-eabi/lib/thumb/v7e-m/nofp/libc.a(lib_a-freer.o)
 .text          0x0000000008000bf4        0x0 /Applications/ARM/bin/../lib/gcc/arm-none-eabi/10.2.1/../../../../arm-none-eabi/lib/thumb/v7e-m/nofp/libc.a(lib_a-lseekr.o)
 .text          0x0000000008000bf4        0x0 /Applications/ARM/bin/../lib/gcc/arm-none-eabi/10.2.1/../../../../arm-none-eabi/lib/thumb/v7e-m/nofp/libc.a(lib_a-makebuf.o)
 .text          0x0000000008000bf4        0x0 /Applications/ARM/bin/../lib/gcc/arm-none-eabi/10.2.1/../../../../arm-none-eabi/lib/thumb/v7e-m/nofp/libc.a(lib_a-readr.o)
 .text          0x0000000008000bf4        0x0 /Applications/ARM/bin/../lib/gcc/arm-none-eabi/10.2.1/../../../../arm-none-eabi/lib/thumb/v7e-m/nofp/libc.a(lib_a-reent.o)
 .text          0x0000000008000bf4        0x0 /Applications/ARM/bin/../lib/gcc/arm-none-eabi/10.2.1/../../../../arm-none-eabi/lib/thumb/v7e-m/nofp/libc.a(lib_a-fstatr.o)
 .text          0x0000000008000bf4        0x0 /Applications/ARM/bin/../lib/gcc/arm-none-eabi/10.2.1/../../../../arm-none-eabi/lib/thumb/v7e-m/nofp/libc.a(lib_a-isattyr.o)
 .text          0x0000000008000bf4        0x0 /Applications/ARM/bin/../lib/gcc/arm-none-eabi/10.2.1/../../../../arm-none-eabi/lib/thumb/v7e-m/nofp/librdimon.a(rdimon-syscalls.o)
 .text          0x0000000008000bf4        0x0 /Applications/ARM/bin/../lib/gcc/arm-none-eabi/10.2.1/../../../../arm-none-eabi/lib/thumb/v7e-m/nofp/librdimon.a(rdimon-_exit.o)
 .text          0x0000000008000bf4        0x0 /Applications/ARM/bin/../lib/gcc/arm-none-eabi/10.2.1/../../../../arm-none-eabi/lib/thumb/v7e-m/nofp/librdimon.a(rdimon-_kill.o)
 .text          0x0000000008000bf4        0x0 /Applications/ARM/bin/../lib/gcc/arm-none-eabi/10.2.1/../../../../arm-none-eabi/lib/thumb/v7e-m/nofp/libc.a(lib_a-errno.o)
 .text          0x0000000008000bf4        0x0 /Applications/ARM/bin/../lib/gcc/arm-none-eabi/10.2.1/thumb/v7e-m/nofp/crtend.o
 .text          0x0000000008000bf4        0x0 /Applications/ARM/bin/../lib/gcc/arm-none-eabi/10.2.1/thumb/v7e-m/nofp/crtn.o
 *(.text.*)
 .text.exit     0x0000000008000bf4       0x20 /Applications/ARM/bin/../lib/gcc/arm-none-eabi/10.2.1/../../../../arm-none-eabi/lib/thumb/v7e-m/nofp/libc.a(lib_a-exit.o)
                0x0000000008000bf4                exit
 .text.__libc_init_array
                0x0000000008000c14       0x48 /Applications/ARM/bin/../lib/gcc/arm-none-eabi/10.2.1/../../../../arm-none-eabi/lib/thumb/v7e-m/nofp/libc.a(lib_a-init.o)
                0x0000000008000c14                __libc_init_array
 .text.memset   0x0000000008000c5c       0xa4 /Applications/ARM/bin/../lib/gcc/arm-none-eabi/10.2.1/../../../../arm-none-eabi/lib/thumb/v7e-m/nofp/libc.a(lib_a-memset.o)
                0x0000000008000c5c                memset
 .text._puts_r  0x0000000008000d00       0x9c /Applications/ARM/bin/../lib/gcc/arm-none-eabi/10.2.1/../../../../arm-none-eabi/lib/thumb/v7e-m/nofp/libc.a(lib_a-puts.o)
                0x0000000008000d00                _puts_r
 .text.puts     0x0000000008000d9c       0x10 /Applications/ARM/bin/../lib/gcc/arm-none-eabi/10.2.1/../../../../arm-none-eabi/lib/thumb/v7e-m/nofp/libc.a(lib_a-puts.o)
                0x0000000008000d9c                puts
 .text.startup.register_fini
                0x0000000008000dac       0x14 /Applications/ARM/bin/../lib/gcc/arm-none-eabi/10.2.1/../../../../arm-none-eabi/lib/thumb/v7e-m/nofp/libc.a(lib_a-__call_atexit.o)
 .text.__call_exitprocs
                0x0000000008000dc0       0xc4 /Applications/ARM/bin/../lib/gcc/arm-none-eabi/10.2.1/../../../../arm-none-eabi/lib/thumb/v7e-m/nofp/libc.a(lib_a-__call_atexit.o)
                0x0000000008000dc0                __call_exitprocs
 .text.atexit   0x0000000008000e84        0xc /Applications/ARM/bin/../lib/gcc/arm-none-eabi/10.2.1/../../../../arm-none-eabi/lib/thumb/v7e-m/nofp/libc.a(lib_a-atexit.o)
                0x0000000008000e84                atexit
 .text._cleanup_r
                0x0000000008000e90        0xc /Applications/ARM/bin/../lib/gcc/arm-none-eabi/10.2.1/../../../../arm-none-eabi/lib/thumb/v7e-m/nofp/libc.a(lib_a-findfp.o)
                0x0000000008000e90                _cleanup_r
 .text.__fp_lock
                0x0000000008000e9c       0x1c /Applications/ARM/bin/../lib/gcc/arm-none-eabi/10.2.1/../../../../arm-none-eabi/lib/thumb/v7e-m/nofp/libc.a(lib_a-findfp.o)
 .text.__fp_unlock
                0x0000000008000eb8       0x1c /Applications/ARM/bin/../lib/gcc/arm-none-eabi/10.2.1/../../../../arm-none-eabi/lib/thumb/v7e-m/nofp/libc.a(lib_a-findfp.o)
 .text.__sfmoreglue
                0x0000000008000ed4       0x30 /Applications/ARM/bin/../lib/gcc/arm-none-eabi/10.2.1/../../../../arm-none-eabi/lib/thumb/v7e-m/nofp/libc.a(lib_a-findfp.o)
                0x0000000008000ed4                __sfmoreglue
 .text._cleanup
                0x0000000008000f04       0x14 /Applications/ARM/bin/../lib/gcc/arm-none-eabi/10.2.1/../../../../arm-none-eabi/lib/thumb/v7e-m/nofp/libc.a(lib_a-findfp.o)
                0x0000000008000f04                _cleanup
 .text.__sinit  0x0000000008000f18      0x10c /Applications/ARM/bin/../lib/gcc/arm-none-eabi/10.2.1/../../../../arm-none-eabi/lib/thumb/v7e-m/nofp/libc.a(lib_a-findfp.o)
                0x0000000008000f18                __sinit
 .text.__sfp    0x0000000008001024       0xc8 /Applications/ARM/bin/../lib/gcc/arm-none-eabi/10.2.1/../../../../arm-none-eabi/lib/thumb/v7e-m/nofp/libc.a(lib_a-findfp.o)
                0x0000000008001024                __sfp
 .text.__sfp_lock_acquire
                0x00000000080010ec        0xc /Applications/ARM/bin/../lib/gcc/arm-none-eabi/10.2.1/../../../../arm-none-eabi/lib/thumb/v7e-m/nofp/libc.a(lib_a-findfp.o)
                0x00000000080010ec                __sfp_lock_acquire
 .text.__sfp_lock_release
                0x00000000080010f8        0xc /Applications/ARM/bin/../lib/gcc/arm-none-eabi/10.2.1/../../../../arm-none-eabi/lib/thumb/v7e-m/nofp/libc.a(lib_a-findfp.o)
                0x00000000080010f8                __sfp_lock_release
 .text.__sinit_lock_acquire
                0x0000000008001104        0xc /Applications/ARM/bin/../lib/gcc/arm-none-eabi/10.2.1/../../../../arm-none-eabi/lib/thumb/v7e-m/nofp/libc.a(lib_a-findfp.o)
                0x0000000008001104                __sinit_lock_acquire
 .text.__sinit_lock_release
                0x0000000008001110        0xc /Applications/ARM/bin/../lib/gcc/arm-none-eabi/10.2.1/../../../../arm-none-eabi/lib/thumb/v7e-m/nofp/libc.a(lib_a-findfp.o)
                0x0000000008001110                __sinit_lock_release
 .text.__fp_lock_all
                0x000000000800111c       0x24 /Applications/ARM/bin/../lib/gcc/arm-none-eabi/10.2.1/../../../../arm-none-eabi/lib/thumb/v7e-m/nofp/libc.a(lib_a-findfp.o)
                0x000000000800111c                __fp_lock_all
 .text.__fp_unlock_all
                0x0000000008001140       0x24 /Applications/ARM/bin/../lib/gcc/arm-none-eabi/10.2.1/../../../../arm-none-eabi/lib/thumb/v7e-m/nofp/libc.a(lib_a-findfp.o)
                0x0000000008001140                __fp_unlock_all
 .text.__libc_fini_array
                0x0000000008001164       0x2c /Applications/ARM/bin/../lib/gcc/arm-none-eabi/10.2.1/../../../../arm-none-eabi/lib/thumb/v7e-m/nofp/libc.a(lib_a-fini.o)
                0x0000000008001164                __libc_fini_array
 .text.__sfvwrite_r
                0x0000000008001190      0x2e8 /Applications/ARM/bin/../lib/gcc/arm-none-eabi/10.2.1/../../../../arm-none-eabi/lib/thumb/v7e-m/nofp/libc.a(lib_a-fvwrite.o)
                0x0000000008001190                __sfvwrite_r
 .text._fwalk   0x0000000008001478       0x40 /Applications/ARM/bin/../lib/gcc/arm-none-eabi/10.2.1/../../../../arm-none-eabi/lib/thumb/v7e-m/nofp/libc.a(lib_a-fwalk.o)
                0x0000000008001478                _fwalk
 .text._fwalk_reent
                0x00000000080014b8       0x48 /Applications/ARM/bin/../lib/gcc/arm-none-eabi/10.2.1/../../../../arm-none-eabi/lib/thumb/v7e-m/nofp/libc.a(lib_a-fwalk.o)
                0x00000000080014b8                _fwalk_reent
 .text.__retarget_lock_init
                0x0000000008001500        0x4 /Applications/ARM/bin/../lib/gcc/arm-none-eabi/10.2.1/../../../../arm-none-eabi/lib/thumb/v7e-m/nofp/libc.a(lib_a-lock.o)
                0x0000000008001500                __retarget_lock_init
 .text.__retarget_lock_init_recursive
                0x0000000008001504        0x4 /Applications/ARM/bin/../lib/gcc/arm-none-eabi/10.2.1/../../../../arm-none-eabi/lib/thumb/v7e-m/nofp/libc.a(lib_a-lock.o)
                0x0000000008001504                __retarget_lock_init_recursive
 .text.__retarget_lock_close
                0x0000000008001508        0x4 /Applications/ARM/bin/../lib/gcc/arm-none-eabi/10.2.1/../../../../arm-none-eabi/lib/thumb/v7e-m/nofp/libc.a(lib_a-lock.o)
                0x0000000008001508                __retarget_lock_close
 .text.__retarget_lock_close_recursive
                0x000000000800150c        0x4 /Applications/ARM/bin/../lib/gcc/arm-none-eabi/10.2.1/../../../../arm-none-eabi/lib/thumb/v7e-m/nofp/libc.a(lib_a-lock.o)
                0x000000000800150c                __retarget_lock_close_recursive
 .text.__retarget_lock_acquire
                0x0000000008001510        0x4 /Applications/ARM/bin/../lib/gcc/arm-none-eabi/10.2.1/../../../../arm-none-eabi/lib/thumb/v7e-m/nofp/libc.a(lib_a-lock.o)
                0x0000000008001510                __retarget_lock_acquire
 .text.__retarget_lock_acquire_recursive
                0x0000000008001514        0x4 /Applications/ARM/bin/../lib/gcc/arm-none-eabi/10.2.1/../../../../arm-none-eabi/lib/thumb/v7e-m/nofp/libc.a(lib_a-lock.o)
                0x0000000008001514                __retarget_lock_acquire_recursive
 .text.__retarget_lock_try_acquire
                0x0000000008001518        0x4 /Applications/ARM/bin/../lib/gcc/arm-none-eabi/10.2.1/../../../../arm-none-eabi/lib/thumb/v7e-m/nofp/libc.a(lib_a-lock.o)
                0x0000000008001518                __retarget_lock_try_acquire
 .text.__retarget_lock_try_acquire_recursive
                0x000000000800151c        0x4 /Applications/ARM/bin/../lib/gcc/arm-none-eabi/10.2.1/../../../../arm-none-eabi/lib/thumb/v7e-m/nofp/libc.a(lib_a-lock.o)
                0x000000000800151c                __retarget_lock_try_acquire_recursive
 .text.__retarget_lock_release
                0x0000000008001520        0x4 /Applications/ARM/bin/../lib/gcc/arm-none-eabi/10.2.1/../../../../arm-none-eabi/lib/thumb/v7e-m/nofp/libc.a(lib_a-lock.o)
                0x0000000008001520                __retarget_lock_release
 .text.__retarget_lock_release_recursive
                0x0000000008001524        0x4 /Applications/ARM/bin/../lib/gcc/arm-none-eabi/10.2.1/../../../../arm-none-eabi/lib/thumb/v7e-m/nofp/libc.a(lib_a-lock.o)
                0x0000000008001524                __retarget_lock_release_recursive
 .text._malloc_r
                0x0000000008001528      0x560 /Applications/ARM/bin/../lib/gcc/arm-none-eabi/10.2.1/../../../../arm-none-eabi/lib/thumb/v7e-m/nofp/libc.a(lib_a-mallocr.o)
                0x0000000008001528                _malloc_r
 .text.memmove  0x0000000008001a88       0xf8 /Applications/ARM/bin/../lib/gcc/arm-none-eabi/10.2.1/../../../../arm-none-eabi/lib/thumb/v7e-m/nofp/libc.a(lib_a-memmove.o)
                0x0000000008001a88                memmove
 .text.__malloc_lock
                0x0000000008001b80        0xc /Applications/ARM/bin/../lib/gcc/arm-none-eabi/10.2.1/../../../../arm-none-eabi/lib/thumb/v7e-m/nofp/libc.a(lib_a-mlock.o)
                0x0000000008001b80                __malloc_lock
 .text.__malloc_unlock
                0x0000000008001b8c        0xc /Applications/ARM/bin/../lib/gcc/arm-none-eabi/10.2.1/../../../../arm-none-eabi/lib/thumb/v7e-m/nofp/libc.a(lib_a-mlock.o)
                0x0000000008001b8c                __malloc_unlock
 .text._realloc_r
                0x0000000008001b98      0x3d8 /Applications/ARM/bin/../lib/gcc/arm-none-eabi/10.2.1/../../../../arm-none-eabi/lib/thumb/v7e-m/nofp/libc.a(lib_a-reallocr.o)
                0x0000000008001b98                _realloc_r
 .text._sbrk_r  0x0000000008001f70       0x24 /Applications/ARM/bin/../lib/gcc/arm-none-eabi/10.2.1/../../../../arm-none-eabi/lib/thumb/v7e-m/nofp/libc.a(lib_a-sbrkr.o)
                0x0000000008001f70                _sbrk_r
 .text.__sread  0x0000000008001f94       0x24 /Applications/ARM/bin/../lib/gcc/arm-none-eabi/10.2.1/../../../../arm-none-eabi/lib/thumb/v7e-m/nofp/libc.a(lib_a-stdio.o)
                0x0000000008001f94                __sread
 .text.__seofread
                0x0000000008001fb8        0x4 /Applications/ARM/bin/../lib/gcc/arm-none-eabi/10.2.1/../../../../arm-none-eabi/lib/thumb/v7e-m/nofp/libc.a(lib_a-stdio.o)
                0x0000000008001fb8                __seofread
 .text.__swrite
                0x0000000008001fbc       0x40 /Applications/ARM/bin/../lib/gcc/arm-none-eabi/10.2.1/../../../../arm-none-eabi/lib/thumb/v7e-m/nofp/libc.a(lib_a-stdio.o)
                0x0000000008001fbc                __swrite
 .text.__sseek  0x0000000008001ffc       0x20 /Applications/ARM/bin/../lib/gcc/arm-none-eabi/10.2.1/../../../../arm-none-eabi/lib/thumb/v7e-m/nofp/libc.a(lib_a-stdio.o)
                0x0000000008001ffc                __sseek
 .text.__sclose
                0x000000000800201c        0x8 /Applications/ARM/bin/../lib/gcc/arm-none-eabi/10.2.1/../../../../arm-none-eabi/lib/thumb/v7e-m/nofp/libc.a(lib_a-stdio.o)
                0x000000000800201c                __sclose
 .text._write_r
                0x0000000008002024       0x2c /Applications/ARM/bin/../lib/gcc/arm-none-eabi/10.2.1/../../../../arm-none-eabi/lib/thumb/v7e-m/nofp/libc.a(lib_a-writer.o)
                0x0000000008002024                _write_r
 .text.__swsetup_r
                0x0000000008002050       0xd4 /Applications/ARM/bin/../lib/gcc/arm-none-eabi/10.2.1/../../../../arm-none-eabi/lib/thumb/v7e-m/nofp/libc.a(lib_a-wsetup.o)
                0x0000000008002050                __swsetup_r
 .text.__register_exitproc
                0x0000000008002124       0x8c /Applications/ARM/bin/../lib/gcc/arm-none-eabi/10.2.1/../../../../arm-none-eabi/lib/thumb/v7e-m/nofp/libc.a(lib_a-__atexit.o)
                0x0000000008002124                __register_exitproc
 .text._close_r
                0x00000000080021b0       0x24 /Applications/ARM/bin/../lib/gcc/arm-none-eabi/10.2.1/../../../../arm-none-eabi/lib/thumb/v7e-m/nofp/libc.a(lib_a-closer.o)
                0x00000000080021b0                _close_r
 .text._fclose_r
                0x00000000080021d4       0xcc /Applications/ARM/bin/../lib/gcc/arm-none-eabi/10.2.1/../../../../arm-none-eabi/lib/thumb/v7e-m/nofp/libc.a(lib_a-fclose.o)
                0x00000000080021d4                _fclose_r
 .text.fclose   0x00000000080022a0       0x10 /Applications/ARM/bin/../lib/gcc/arm-none-eabi/10.2.1/../../../../arm-none-eabi/lib/thumb/v7e-m/nofp/libc.a(lib_a-fclose.o)
                0x00000000080022a0                fclose
 .text.__sflush_r
                0x00000000080022b0      0x120 /Applications/ARM/bin/../lib/gcc/arm-none-eabi/10.2.1/../../../../arm-none-eabi/lib/thumb/v7e-m/nofp/libc.a(lib_a-fflush.o)
                0x00000000080022b0                __sflush_r
 .text._fflush_r
                0x00000000080023d0       0x5c /Applications/ARM/bin/../lib/gcc/arm-none-eabi/10.2.1/../../../../arm-none-eabi/lib/thumb/v7e-m/nofp/libc.a(lib_a-fflush.o)
                0x00000000080023d0                _fflush_r
 .text.fflush   0x000000000800242c       0x74 /Applications/ARM/bin/../lib/gcc/arm-none-eabi/10.2.1/../../../../arm-none-eabi/lib/thumb/v7e-m/nofp/libc.a(lib_a-fflush.o)
                0x000000000800242c                fflush
 .text._malloc_trim_r
                0x00000000080024a0       0xa0 /Applications/ARM/bin/../lib/gcc/arm-none-eabi/10.2.1/../../../../arm-none-eabi/lib/thumb/v7e-m/nofp/libc.a(lib_a-freer.o)
                0x00000000080024a0                _malloc_trim_r
 .text._free_r  0x0000000008002540      0x20c /Applications/ARM/bin/../lib/gcc/arm-none-eabi/10.2.1/../../../../arm-none-eabi/lib/thumb/v7e-m/nofp/libc.a(lib_a-freer.o)
                0x0000000008002540                _free_r
 .text._lseek_r
                0x000000000800274c       0x2c /Applications/ARM/bin/../lib/gcc/arm-none-eabi/10.2.1/../../../../arm-none-eabi/lib/thumb/v7e-m/nofp/libc.a(lib_a-lseekr.o)
                0x000000000800274c                _lseek_r
 .text.__smakebuf_r
                0x0000000008002778       0xe0 /Applications/ARM/bin/../lib/gcc/arm-none-eabi/10.2.1/../../../../arm-none-eabi/lib/thumb/v7e-m/nofp/libc.a(lib_a-makebuf.o)
                0x0000000008002778                __smakebuf_r
 .text.__swhatbuf_r
                0x0000000008002858       0x60 /Applications/ARM/bin/../lib/gcc/arm-none-eabi/10.2.1/../../../../arm-none-eabi/lib/thumb/v7e-m/nofp/libc.a(lib_a-makebuf.o)
                0x0000000008002858                __swhatbuf_r
 .text._read_r  0x00000000080028b8       0x2c /Applications/ARM/bin/../lib/gcc/arm-none-eabi/10.2.1/../../../../arm-none-eabi/lib/thumb/v7e-m/nofp/libc.a(lib_a-readr.o)
                0x00000000080028b8                _read_r
 .text.cleanup_glue
                0x00000000080028e4       0x48 /Applications/ARM/bin/../lib/gcc/arm-none-eabi/10.2.1/../../../../arm-none-eabi/lib/thumb/v7e-m/nofp/libc.a(lib_a-reent.o)
                0x00000000080028e4                cleanup_glue
 .text._reclaim_reent
                0x000000000800292c       0x90 /Applications/ARM/bin/../lib/gcc/arm-none-eabi/10.2.1/../../../../arm-none-eabi/lib/thumb/v7e-m/nofp/libc.a(lib_a-reent.o)
                0x000000000800292c                _reclaim_reent
 .text._fstat_r
                0x00000000080029bc       0x2c /Applications/ARM/bin/../lib/gcc/arm-none-eabi/10.2.1/../../../../arm-none-eabi/lib/thumb/v7e-m/nofp/libc.a(lib_a-fstatr.o)
                0x00000000080029bc                _fstat_r
 .text._isatty_r
                0x00000000080029e8       0x24 /Applications/ARM/bin/../lib/gcc/arm-none-eabi/10.2.1/../../../../arm-none-eabi/lib/thumb/v7e-m/nofp/libc.a(lib_a-isattyr.o)
                0x00000000080029e8                _isatty_r
 .text._swiread
                0x0000000008002a0c       0x3c /Applications/ARM/bin/../lib/gcc/arm-none-eabi/10.2.1/../../../../arm-none-eabi/lib/thumb/v7e-m/nofp/librdimon.a(rdimon-syscalls.o)
                0x0000000008002a0c                _swiread
 .text._read    0x0000000008002a48       0x90 /Applications/ARM/bin/../lib/gcc/arm-none-eabi/10.2.1/../../../../arm-none-eabi/lib/thumb/v7e-m/nofp/librdimon.a(rdimon-syscalls.o)
                0x0000000008002a48                _read
 .text._swilseek
                0x0000000008002ad8       0xe4 /Applications/ARM/bin/../lib/gcc/arm-none-eabi/10.2.1/../../../../arm-none-eabi/lib/thumb/v7e-m/nofp/librdimon.a(rdimon-syscalls.o)
                0x0000000008002ad8                _swilseek
 .text._lseek   0x0000000008002bbc        0x4 /Applications/ARM/bin/../lib/gcc/arm-none-eabi/10.2.1/../../../../arm-none-eabi/lib/thumb/v7e-m/nofp/librdimon.a(rdimon-syscalls.o)
                0x0000000008002bbc                _lseek
 .text._swiwrite
                0x0000000008002bc0       0x3c /Applications/ARM/bin/../lib/gcc/arm-none-eabi/10.2.1/../../../../arm-none-eabi/lib/thumb/v7e-m/nofp/librdimon.a(rdimon-syscalls.o)
                0x0000000008002bc0                _swiwrite
 .text._write   0x0000000008002bfc       0xbc /Applications/ARM/bin/../lib/gcc/arm-none-eabi/10.2.1/../../../../arm-none-eabi/lib/thumb/v7e-m/nofp/librdimon.a(rdimon-syscalls.o)
                0x0000000008002bfc                _write
 .text._swiclose
                0x0000000008002cb8       0x38 /Applications/ARM/bin/../lib/gcc/arm-none-eabi/10.2.1/../../../../arm-none-eabi/lib/thumb/v7e-m/nofp/librdimon.a(rdimon-syscalls.o)
                0x0000000008002cb8                _swiclose
 .text._close   0x0000000008002cf0       0x98 /Applications/ARM/bin/../lib/gcc/arm-none-eabi/10.2.1/../../../../arm-none-eabi/lib/thumb/v7e-m/nofp/librdimon.a(rdimon-syscalls.o)
                0x0000000008002cf0                _close
 .text._getpid  0x0000000008002d88        0x4 /Applications/ARM/bin/../lib/gcc/arm-none-eabi/10.2.1/../../../../arm-none-eabi/lib/thumb/v7e-m/nofp/librdimon.a(rdimon-syscalls.o)
                0x0000000008002d88                _getpid
 .text._sbrk    0x0000000008002d8c       0x48 /Applications/ARM/bin/../lib/gcc/arm-none-eabi/10.2.1/../../../../arm-none-eabi/lib/thumb/v7e-m/nofp/librdimon.a(rdimon-syscalls.o)
                0x0000000008002d8c                _sbrk
 .text._swistat
                0x0000000008002dd4       0x80 /Applications/ARM/bin/../lib/gcc/arm-none-eabi/10.2.1/../../../../arm-none-eabi/lib/thumb/v7e-m/nofp/librdimon.a(rdimon-syscalls.o)
                0x0000000008002dd4                _swistat
 .text._fstat   0x0000000008002e54       0x1c /Applications/ARM/bin/../lib/gcc/arm-none-eabi/10.2.1/../../../../arm-none-eabi/lib/thumb/v7e-m/nofp/librdimon.a(rdimon-syscalls.o)
                0x0000000008002e54                _fstat
 .text._stat    0x0000000008002e70       0x3c /Applications/ARM/bin/../lib/gcc/arm-none-eabi/10.2.1/../../../../arm-none-eabi/lib/thumb/v7e-m/nofp/librdimon.a(rdimon-syscalls.o)
                0x0000000008002e70                _stat
 .text._swiopen
                0x0000000008002eac       0xcc /Applications/ARM/bin/../lib/gcc/arm-none-eabi/10.2.1/../../../../arm-none-eabi/lib/thumb/v7e-m/nofp/librdimon.a(rdimon-syscalls.o)
                0x0000000008002eac                _swiopen
 .text._open    0x0000000008002f78       0x14 /Applications/ARM/bin/../lib/gcc/arm-none-eabi/10.2.1/../../../../arm-none-eabi/lib/thumb/v7e-m/nofp/librdimon.a(rdimon-syscalls.o)
                0x0000000008002f78                _open
 .text._get_semihosting_exts
                0x0000000008002f8c      0x110 /Applications/ARM/bin/../lib/gcc/arm-none-eabi/10.2.1/../../../../arm-none-eabi/lib/thumb/v7e-m/nofp/librdimon.a(rdimon-syscalls.o)
                0x0000000008002f8c                _get_semihosting_exts
 .text._has_ext_exit_extended
                0x000000000800309c       0x48 /Applications/ARM/bin/../lib/gcc/arm-none-eabi/10.2.1/../../../../arm-none-eabi/lib/thumb/v7e-m/nofp/librdimon.a(rdimon-syscalls.o)
                0x000000000800309c                _has_ext_exit_extended
 .text._has_ext_stdout_stderr
                0x00000000080030e4       0x48 /Applications/ARM/bin/../lib/gcc/arm-none-eabi/10.2.1/../../../../arm-none-eabi/lib/thumb/v7e-m/nofp/librdimon.a(rdimon-syscalls.o)
                0x00000000080030e4                _has_ext_stdout_stderr
 .text.initialise_monitor_handles
                0x000000000800312c      0x158 /Applications/ARM/bin/../lib/gcc/arm-none-eabi/10.2.1/../../../../arm-none-eabi/lib/thumb/v7e-m/nofp/librdimon.a(rdimon-syscalls.o)
                0x000000000800312c                initialise_monitor_handles
 .text._link    0x0000000008003284       0x10 /Applications/ARM/bin/../lib/gcc/arm-none-eabi/10.2.1/../../../../arm-none-eabi/lib/thumb/v7e-m/nofp/librdimon.a(rdimon-syscalls.o)
                0x0000000008003284                _link
 .text._unlink  0x0000000008003294       0x40 /Applications/ARM/bin/../lib/gcc/arm-none-eabi/10.2.1/../../../../arm-none-eabi/lib/thumb/v7e-m/nofp/librdimon.a(rdimon-syscalls.o)
                0x0000000008003294                _unlink
 .text._gettimeofday
                0x00000000080032d4       0x28 /Applications/ARM/bin/../lib/gcc/arm-none-eabi/10.2.1/../../../../arm-none-eabi/lib/thumb/v7e-m/nofp/librdimon.a(rdimon-syscalls.o)
                0x00000000080032d4                _gettimeofday
 .text._clock   0x00000000080032fc       0x14 /Applications/ARM/bin/../lib/gcc/arm-none-eabi/10.2.1/../../../../arm-none-eabi/lib/thumb/v7e-m/nofp/librdimon.a(rdimon-syscalls.o)
                0x00000000080032fc                _clock
 .text._times   0x0000000008003310       0x20 /Applications/ARM/bin/../lib/gcc/arm-none-eabi/10.2.1/../../../../arm-none-eabi/lib/thumb/v7e-m/nofp/librdimon.a(rdimon-syscalls.o)
                0x0000000008003310                _times
 .text._isatty  0x0000000008003330       0x68 /Applications/ARM/bin/../lib/gcc/arm-none-eabi/10.2.1/../../../../arm-none-eabi/lib/thumb/v7e-m/nofp/librdimon.a(rdimon-syscalls.o)
                0x0000000008003330                _isatty
 .text._system  0x0000000008003398       0x5c /Applications/ARM/bin/../lib/gcc/arm-none-eabi/10.2.1/../../../../arm-none-eabi/lib/thumb/v7e-m/nofp/librdimon.a(rdimon-syscalls.o)
                0x0000000008003398                _system
 .text._rename  0x00000000080033f4       0x54 /Applications/ARM/bin/../lib/gcc/arm-none-eabi/10.2.1/../../../../arm-none-eabi/lib/thumb/v7e-m/nofp/librdimon.a(rdimon-syscalls.o)
                0x00000000080033f4                _rename
 .text._exit    0x0000000008003448       0x14 /Applications/ARM/bin/../lib/gcc/arm-none-eabi/10.2.1/../../../../arm-none-eabi/lib/thumb/v7e-m/nofp/librdimon.a(rdimon-_exit.o)
                0x0000000008003448                _exit
 .text._kill_shared
                0x000000000800345c       0x30 /Applications/ARM/bin/../lib/gcc/arm-none-eabi/10.2.1/../../../../arm-none-eabi/lib/thumb/v7e-m/nofp/librdimon.a(rdimon-_kill.o)
                0x000000000800345c                _kill_shared
 .text._kill    0x000000000800348c       0x1c /Applications/ARM/bin/../lib/gcc/arm-none-eabi/10.2.1/../../../../arm-none-eabi/lib/thumb/v7e-m/nofp/librdimon.a(rdimon-_kill.o)
                0x000000000800348c                _kill
 .text.__errno  0x00000000080034a8        0xc /Applications/ARM/bin/../lib/gcc/arm-none-eabi/10.2.1/../../../../arm-none-eabi/lib/thumb/v7e-m/nofp/libc.a(lib_a-errno.o)
                0x00000000080034a8                __errno
 *(.init)
 .init          0x00000000080034b4        0x4 /Applications/ARM/bin/../lib/gcc/arm-none-eabi/10.2.1/thumb/v7e-m/nofp/crti.o
                0x00000000080034b4                _init
 .init          0x00000000080034b8        0x8 /Applications/ARM/bin/../lib/gcc/arm-none-eabi/10.2.1/thumb/v7e-m/nofp/crtn.o
 *(.fini)
 .fini          0x00000000080034c0        0x4 /Applications/ARM/bin/../lib/gcc/arm-none-eabi/10.2.1/thumb/v7e-m/nofp/crti.o
                0x00000000080034c0                _fini
 .fini          0x00000000080034c4        0x8 /Applications/ARM/bin/../lib/gcc/arm-none-eabi/10.2.1/thumb/v7e-m/nofp/crtn.o
 *(.rodata)
 .rodata        0x00000000080034cc       0x24 /Applications/ARM/bin/../lib/gcc/arm-none-eabi/10.2.1/thumb/v7e-m/nofp/crtbegin.o
 .rodata        0x00000000080034f0       0xd3 main.o
                0x00000000080034f0                const1
                0x00000000080034f4                const2
 *fill*         0x00000000080035c3        0x1 
 .rodata        0x00000000080035c4       0x24 /Applications/ARM/bin/../lib/gcc/arm-none-eabi/10.2.1/thumb/v7e-m/nofp/crtend.o
 *(.rodata.*)
 .rodata._global_impure_ptr
                0x00000000080035e8        0x4 /Applications/ARM/bin/../lib/gcc/arm-none-eabi/10.2.1/../../../../arm-none-eabi/lib/thumb/v7e-m/nofp/libc.a(lib_a-impure.o)
                0x00000000080035e8                _global_impure_ptr
 .rodata._puts_r.str1.4
                0x00000000080035ec        0x2 /Applications/ARM/bin/../lib/gcc/arm-none-eabi/10.2.1/../../../../arm-none-eabi/lib/thumb/v7e-m/nofp/libc.a(lib_a-puts.o)
 *fill*         0x00000000080035ee        0x2 
 .rodata._get_semihosting_exts.str1.4
                0x00000000080035f0       0x16 /Applications/ARM/bin/../lib/gcc/arm-none-eabi/10.2.1/../../../../arm-none-eabi/lib/thumb/v7e-m/nofp/librdimon.a(rdimon-syscalls.o)
 *fill*         0x0000000008003606        0x2 
 .rodata.initialise_monitor_handles.str1.4
                0x0000000008003608        0x4 /Applications/ARM/bin/../lib/gcc/arm-none-eabi/10.2.1/../../../../arm-none-eabi/lib/thumb/v7e-m/nofp/librdimon.a(rdimon-syscalls.o)
                0x000000000800360c                . = ALIGN (0x4)
                0x000000000800360c                _etext = .
                0x0000000008003618                _la_data = LOADADDR (.data)

.glue_7         0x000000000800360c        0x0
 .glue_7        0x000000000800360c        0x0 linker stubs

.glue_7t        0x000000000800360c        0x0
 .glue_7t       0x000000000800360c        0x0 linker stubs

.vfp11_veneer   0x000000000800360c        0x0
 .vfp11_veneer  0x000000000800360c        0x0 linker stubs

.v4_bx          0x000000000800360c        0x0
 .v4_bx         0x000000000800360c        0x0 linker stubs

.iplt           0x000000000800360c        0x0
 .iplt          0x000000000800360c        0x0 /Applications/ARM/bin/../lib/gcc/arm-none-eabi/10.2.1/thumb/v7e-m/nofp/crtbegin.o

.eh_frame       0x000000000800360c        0x4
 .eh_frame      0x000000000800360c        0x0 /Applications/ARM/bin/../lib/gcc/arm-none-eabi/10.2.1/thumb/v7e-m/nofp/crtbegin.o
 .eh_frame      0x000000000800360c        0x4 /Applications/ARM/bin/../lib/gcc/arm-none-eabi/10.2.1/thumb/v7e-m/nofp/crtend.o

.ARM.extab      0x0000000008003610        0x0
 .ARM.extab     0x0000000008003610        0x0 /Applications/ARM/bin/../lib/gcc/arm-none-eabi/10.2.1/../../../../arm-none-eabi/lib/thumb/v7e-m/nofp/rdimon-crt0.o

.ARM.exidx      0x0000000008003610        0x8
 .ARM.exidx     0x0000000008003610        0x8 /Applications/ARM/bin/../lib/gcc/arm-none-eabi/10.2.1/../../../../arm-none-eabi/lib/thumb/v7e-m/nofp/rdimon-crt0.o
                                         0x10 (size before relaxing)

.rel.dyn        0x0000000008003618        0x0
 .rel.iplt      0x0000000008003618        0x0 /Applications/ARM/bin/../lib/gcc/arm-none-eabi/10.2.1/thumb/v7e-m/nofp/crtbegin.o

.data           0x0000000020000000      0x970 load address 0x0000000008003618
                0x0000000020000000                _sdata = .
 *(.data)
 .data          0x0000000020000000        0x0 /Applications/ARM/bin/../lib/gcc/arm-none-eabi/10.2.1/thumb/v7e-m/nofp/crti.o
 .data          0x0000000020000000        0x4 /Applications/ARM/bin/../lib/gcc/arm-none-eabi/10.2.1/thumb/v7e-m/nofp/crtbegin.o
                0x0000000020000000                __dso_handle
 .data          0x0000000020000004      0x118 /Applications/ARM/bin/../lib/gcc/arm-none-eabi/10.2.1/../../../../arm-none-eabi/lib/thumb/v7e-m/nofp/rdimon-crt0.o
                0x000000002000000c                __stack_base__
 .data          0x000000002000011c        0x1 main.o
                0x000000002000011c                current_task
 .data          0x000000002000011d        0x0 led.o
 .data          0x000000002000011d        0x0 stm32_startup.o
 .data          0x000000002000011d        0x0 /Applications/ARM/bin/../lib/gcc/arm-none-eabi/10.2.1/../../../../arm-none-eabi/lib/thumb/v7e-m/nofp/libc.a(lib_a-exit.o)
 .data          0x000000002000011d        0x0 /Applications/ARM/bin/../lib/gcc/arm-none-eabi/10.2.1/../../../../arm-none-eabi/lib/thumb/v7e-m/nofp/libc.a(lib_a-impure.o)
 .data          0x000000002000011d        0x0 /Applications/ARM/bin/../lib/gcc/arm-none-eabi/10.2.1/../../../../arm-none-eabi/lib/thumb/v7e-m/nofp/libc.a(lib_a-init.o)
 .data          0x000000002000011d        0x0 /Applications/ARM/bin/../lib/gcc/arm-none-eabi/10.2.1/../../../../arm-none-eabi/lib/thumb/v7e-m/nofp/libc.a(lib_a-memset.o)
 .data          0x000000002000011d        0x0 /Applications/ARM/bin/../lib/gcc/arm-none-eabi/10.2.1/../../../../arm-none-eabi/lib/thumb/v7e-m/nofp/libc.a(lib_a-puts.o)
 .data          0x000000002000011d        0x0 /Applications/ARM/bin/../lib/gcc/arm-none-eabi/10.2.1/../../../../arm-none-eabi/lib/thumb/v7e-m/nofp/libc.a(lib_a-strlen.o)
 .data          0x000000002000011d        0x0 /Applications/ARM/bin/../lib/gcc/arm-none-eabi/10.2.1/../../../../arm-none-eabi/lib/thumb/v7e-m/nofp/libc.a(lib_a-__call_atexit.o)
 .data          0x000000002000011d        0x0 /Applications/ARM/bin/../lib/gcc/arm-none-eabi/10.2.1/../../../../arm-none-eabi/lib/thumb/v7e-m/nofp/libc.a(lib_a-atexit.o)
 .data          0x000000002000011d        0x0 /Applications/ARM/bin/../lib/gcc/arm-none-eabi/10.2.1/../../../../arm-none-eabi/lib/thumb/v7e-m/nofp/libc.a(lib_a-findfp.o)
 .data          0x000000002000011d        0x0 /Applications/ARM/bin/../lib/gcc/arm-none-eabi/10.2.1/../../../../arm-none-eabi/lib/thumb/v7e-m/nofp/libc.a(lib_a-fini.o)
 .data          0x000000002000011d        0x0 /Applications/ARM/bin/../lib/gcc/arm-none-eabi/10.2.1/../../../../arm-none-eabi/lib/thumb/v7e-m/nofp/libc.a(lib_a-fvwrite.o)
 .data          0x000000002000011d        0x0 /Applications/ARM/bin/../lib/gcc/arm-none-eabi/10.2.1/../../../../arm-none-eabi/lib/thumb/v7e-m/nofp/libc.a(lib_a-fwalk.o)
 .data          0x000000002000011d        0x0 /Applications/ARM/bin/../lib/gcc/arm-none-eabi/10.2.1/../../../../arm-none-eabi/lib/thumb/v7e-m/nofp/libc.a(lib_a-lock.o)
 .data          0x000000002000011d        0x0 /Applications/ARM/bin/../lib/gcc/arm-none-eabi/10.2.1/../../../../arm-none-eabi/lib/thumb/v7e-m/nofp/libc.a(lib_a-mallocr.o)
 .data          0x000000002000011d        0x0 /Applications/ARM/bin/../lib/gcc/arm-none-eabi/10.2.1/../../../../arm-none-eabi/lib/thumb/v7e-m/nofp/libc.a(lib_a-memchr.o)
 .data          0x000000002000011d        0x0 /Applications/ARM/bin/../lib/gcc/arm-none-eabi/10.2.1/../../../../arm-none-eabi/lib/thumb/v7e-m/nofp/libc.a(lib_a-memcpy.o)
 .data          0x000000002000011d        0x0 /Applications/ARM/bin/../lib/gcc/arm-none-eabi/10.2.1/../../../../arm-none-eabi/lib/thumb/v7e-m/nofp/libc.a(lib_a-memmove.o)
 .data          0x000000002000011d        0x0 /Applications/ARM/bin/../lib/gcc/arm-none-eabi/10.2.1/../../../../arm-none-eabi/lib/thumb/v7e-m/nofp/libc.a(lib_a-mlock.o)
 .data          0x000000002000011d        0x0 /Applications/ARM/bin/../lib/gcc/arm-none-eabi/10.2.1/../../../../arm-none-eabi/lib/thumb/v7e-m/nofp/libc.a(lib_a-reallocr.o)
 .data          0x000000002000011d        0x0 /Applications/ARM/bin/../lib/gcc/arm-none-eabi/10.2.1/../../../../arm-none-eabi/lib/thumb/v7e-m/nofp/libc.a(lib_a-sbrkr.o)
 .data          0x000000002000011d        0x0 /Applications/ARM/bin/../lib/gcc/arm-none-eabi/10.2.1/../../../../arm-none-eabi/lib/thumb/v7e-m/nofp/libc.a(lib_a-stdio.o)
 .data          0x000000002000011d        0x0 /Applications/ARM/bin/../lib/gcc/arm-none-eabi/10.2.1/../../../../arm-none-eabi/lib/thumb/v7e-m/nofp/libc.a(lib_a-writer.o)
 .data          0x000000002000011d        0x0 /Applications/ARM/bin/../lib/gcc/arm-none-eabi/10.2.1/../../../../arm-none-eabi/lib/thumb/v7e-m/nofp/libc.a(lib_a-wsetup.o)
 .data          0x000000002000011d        0x0 /Applications/ARM/bin/../lib/gcc/arm-none-eabi/10.2.1/../../../../arm-none-eabi/lib/thumb/v7e-m/nofp/libc.a(lib_a-__atexit.o)
 .data          0x000000002000011d        0x0 /Applications/ARM/bin/../lib/gcc/arm-none-eabi/10.2.1/../../../../arm-none-eabi/lib/thumb/v7e-m/nofp/libc.a(lib_a-closer.o)
 .data          0x000000002000011d        0x0 /Applications/ARM/bin/../lib/gcc/arm-none-eabi/10.2.1/../../../../arm-none-eabi/lib/thumb/v7e-m/nofp/libc.a(lib_a-fclose.o)
 .data          0x000000002000011d        0x0 /Applications/ARM/bin/../lib/gcc/arm-none-eabi/10.2.1/../../../../arm-none-eabi/lib/thumb/v7e-m/nofp/libc.a(lib_a-fflush.o)
 .data          0x000000002000011d        0x0 /Applications/ARM/bin/../lib/gcc/arm-none-eabi/10.2.1/../../../../arm-none-eabi/lib/thumb/v7e-m/nofp/libc.a(lib_a-freer.o)
 .data          0x000000002000011d        0x0 /Applications/ARM/bin/../lib/gcc/arm-none-eabi/10.2.1/../../../../arm-none-eabi/lib/thumb/v7e-m/nofp/libc.a(lib_a-lseekr.o)
 .data          0x000000002000011d        0x0 /Applications/ARM/bin/../lib/gcc/arm-none-eabi/10.2.1/../../../../arm-none-eabi/lib/thumb/v7e-m/nofp/libc.a(lib_a-makebuf.o)
 .data          0x000000002000011d        0x0 /Applications/ARM/bin/../lib/gcc/arm-none-eabi/10.2.1/../../../../arm-none-eabi/lib/thumb/v7e-m/nofp/libc.a(lib_a-readr.o)
 .data          0x000000002000011d        0x0 /Applications/ARM/bin/../lib/gcc/arm-none-eabi/10.2.1/../../../../arm-none-eabi/lib/thumb/v7e-m/nofp/libc.a(lib_a-reent.o)
 .data          0x000000002000011d        0x0 /Applications/ARM/bin/../lib/gcc/arm-none-eabi/10.2.1/../../../../arm-none-eabi/lib/thumb/v7e-m/nofp/libc.a(lib_a-fstatr.o)
 .data          0x000000002000011d        0x0 /Applications/ARM/bin/../lib/gcc/arm-none-eabi/10.2.1/../../../../arm-none-eabi/lib/thumb/v7e-m/nofp/libc.a(lib_a-isattyr.o)
 .data          0x000000002000011d        0x0 /Applications/ARM/bin/../lib/gcc/arm-none-eabi/10.2.1/../../../../arm-none-eabi/lib/thumb/v7e-m/nofp/librdimon.a(rdimon-syscalls.o)
 .data          0x000000002000011d        0x0 /Applications/ARM/bin/../lib/gcc/arm-none-eabi/10.2.1/../../../../arm-none-eabi/lib/thumb/v7e-m/nofp/librdimon.a(rdimon-_exit.o)
 .data          0x000000002000011d        0x0 /Applications/ARM/bin/../lib/gcc/arm-none-eabi/10.2.1/../../../../arm-none-eabi/lib/thumb/v7e-m/nofp/librdimon.a(rdimon-_kill.o)
 .data          0x000000002000011d        0x0 /Applications/ARM/bin/../lib/gcc/arm-none-eabi/10.2.1/../../../../arm-none-eabi/lib/thumb/v7e-m/nofp/libc.a(lib_a-errno.o)
 .data          0x000000002000011d        0x0 /Applications/ARM/bin/../lib/gcc/arm-none-eabi/10.2.1/thumb/v7e-m/nofp/crtend.o
 .data          0x000000002000011d        0x0 /Applications/ARM/bin/../lib/gcc/arm-none-eabi/10.2.1/thumb/v7e-m/nofp/crtn.o
 *(.data.*)
 *fill*         0x000000002000011d        0x3 
 .data._impure_ptr
                0x0000000020000120        0x4 /Applications/ARM/bin/../lib/gcc/arm-none-eabi/10.2.1/../../../../arm-none-eabi/lib/thumb/v7e-m/nofp/libc.a(lib_a-impure.o)
                0x0000000020000120                _impure_ptr
 *fill*         0x0000000020000124        0x4 
 .data.impure_data
                0x0000000020000128      0x428 /Applications/ARM/bin/../lib/gcc/arm-none-eabi/10.2.1/../../../../arm-none-eabi/lib/thumb/v7e-m/nofp/libc.a(lib_a-impure.o)
 .data.__atexit_recursive_mutex
                0x0000000020000550        0x4 /Applications/ARM/bin/../lib/gcc/arm-none-eabi/10.2.1/../../../../arm-none-eabi/lib/thumb/v7e-m/nofp/libc.a(lib_a-__call_atexit.o)
                0x0000000020000550                __atexit_recursive_mutex
 .data.__malloc_av_
                0x0000000020000554      0x408 /Applications/ARM/bin/../lib/gcc/arm-none-eabi/10.2.1/../../../../arm-none-eabi/lib/thumb/v7e-m/nofp/libc.a(lib_a-mallocr.o)
                0x0000000020000554                __malloc_av_
 .data.__malloc_sbrk_base
                0x000000002000095c        0x4 /Applications/ARM/bin/../lib/gcc/arm-none-eabi/10.2.1/../../../../arm-none-eabi/lib/thumb/v7e-m/nofp/libc.a(lib_a-mallocr.o)
                0x000000002000095c                __malloc_sbrk_base
 .data.__malloc_trim_threshold
                0x0000000020000960        0x4 /Applications/ARM/bin/../lib/gcc/arm-none-eabi/10.2.1/../../../../arm-none-eabi/lib/thumb/v7e-m/nofp/libc.a(lib_a-mallocr.o)
                0x0000000020000960                __malloc_trim_threshold
 .data.__heap_limit
                0x0000000020000964        0x4 /Applications/ARM/bin/../lib/gcc/arm-none-eabi/10.2.1/../../../../arm-none-eabi/lib/thumb/v7e-m/nofp/librdimon.a(rdimon-syscalls.o)
                0x0000000020000964                __heap_limit
 .data.supports_ext_exit_extended
                0x0000000020000968        0x4 /Applications/ARM/bin/../lib/gcc/arm-none-eabi/10.2.1/../../../../arm-none-eabi/lib/thumb/v7e-m/nofp/librdimon.a(rdimon-syscalls.o)
 .data.supports_ext_stdout_stderr
                0x000000002000096c        0x4 /Applications/ARM/bin/../lib/gcc/arm-none-eabi/10.2.1/../../../../arm-none-eabi/lib/thumb/v7e-m/nofp/librdimon.a(rdimon-syscalls.o)
                0x0000000020000970                . = ALIGN (0x4)
                0x0000000020000970                _edata = .

.init_array     0x0000000020000970        0x4 load address 0x0000000008003f88
 .init_array    0x0000000020000970        0x4 /Applications/ARM/bin/../lib/gcc/arm-none-eabi/10.2.1/thumb/v7e-m/nofp/crtbegin.o

.fini_array     0x0000000020000974        0x4 load address 0x0000000008003f8c
 .fini_array    0x0000000020000974        0x4 /Applications/ARM/bin/../lib/gcc/arm-none-eabi/10.2.1/thumb/v7e-m/nofp/crtbegin.o

.igot.plt       0x0000000020000978        0x0 load address 0x0000000008003f90
 .igot.plt      0x0000000020000978        0x0 /Applications/ARM/bin/../lib/gcc/arm-none-eabi/10.2.1/thumb/v7e-m/nofp/crtbegin.o

.init_array.00000
                0x0000000020000978        0x4 load address 0x0000000008003f90
 .init_array.00000
                0x0000000020000978        0x4 /Applications/ARM/bin/../lib/gcc/arm-none-eabi/10.2.1/../../../../arm-none-eabi/lib/thumb/v7e-m/nofp/libc.a(lib_a-__call_atexit.o)

.bss            0x000000002000097c      0x17c load address 0x0000000008003f94
                0x000000002000097c                _sbss = .
                0x000000002000097c                __bss_start__ = _sbss
 *(.bss)
 .bss           0x000000002000097c        0x0 /Applications/ARM/bin/../lib/gcc/arm-none-eabi/10.2.1/thumb/v7e-m/nofp/crti.o
 .bss           0x000000002000097c       0x1c /Applications/ARM/bin/../lib/gcc/arm-none-eabi/10.2.1/thumb/v7e-m/nofp/crtbegin.o
 .bss           0x0000000020000998        0x0 /Applications/ARM/bin/../lib/gcc/arm-none-eabi/10.2.1/../../../../arm-none-eabi/lib/thumb/v7e-m/nofp/rdimon-crt0.o
 .bss           0x0000000020000998       0x54 main.o
                0x0000000020000998                g_tick_count
                0x000000002000099c                user_task
 .bss           0x00000000200009ec        0x0 led.o
 .bss           0x00000000200009ec        0x0 stm32_startup.o
 .bss           0x00000000200009ec        0x0 /Applications/ARM/bin/../lib/gcc/arm-none-eabi/10.2.1/../../../../arm-none-eabi/lib/thumb/v7e-m/nofp/libc.a(lib_a-exit.o)
 .bss           0x00000000200009ec        0x0 /Applications/ARM/bin/../lib/gcc/arm-none-eabi/10.2.1/../../../../arm-none-eabi/lib/thumb/v7e-m/nofp/libc.a(lib_a-impure.o)
 .bss           0x00000000200009ec        0x0 /Applications/ARM/bin/../lib/gcc/arm-none-eabi/10.2.1/../../../../arm-none-eabi/lib/thumb/v7e-m/nofp/libc.a(lib_a-init.o)
 .bss           0x00000000200009ec        0x0 /Applications/ARM/bin/../lib/gcc/arm-none-eabi/10.2.1/../../../../arm-none-eabi/lib/thumb/v7e-m/nofp/libc.a(lib_a-memset.o)
 .bss           0x00000000200009ec        0x0 /Applications/ARM/bin/../lib/gcc/arm-none-eabi/10.2.1/../../../../arm-none-eabi/lib/thumb/v7e-m/nofp/libc.a(lib_a-puts.o)
 .bss           0x00000000200009ec        0x0 /Applications/ARM/bin/../lib/gcc/arm-none-eabi/10.2.1/../../../../arm-none-eabi/lib/thumb/v7e-m/nofp/libc.a(lib_a-strlen.o)
 .bss           0x00000000200009ec        0x0 /Applications/ARM/bin/../lib/gcc/arm-none-eabi/10.2.1/../../../../arm-none-eabi/lib/thumb/v7e-m/nofp/libc.a(lib_a-__call_atexit.o)
 .bss           0x00000000200009ec        0x0 /Applications/ARM/bin/../lib/gcc/arm-none-eabi/10.2.1/../../../../arm-none-eabi/lib/thumb/v7e-m/nofp/libc.a(lib_a-atexit.o)
 .bss           0x00000000200009ec        0x0 /Applications/ARM/bin/../lib/gcc/arm-none-eabi/10.2.1/../../../../arm-none-eabi/lib/thumb/v7e-m/nofp/libc.a(lib_a-findfp.o)
 .bss           0x00000000200009ec        0x0 /Applications/ARM/bin/../lib/gcc/arm-none-eabi/10.2.1/../../../../arm-none-eabi/lib/thumb/v7e-m/nofp/libc.a(lib_a-fini.o)
 .bss           0x00000000200009ec        0x0 /Applications/ARM/bin/../lib/gcc/arm-none-eabi/10.2.1/../../../../arm-none-eabi/lib/thumb/v7e-m/nofp/libc.a(lib_a-fvwrite.o)
 .bss           0x00000000200009ec        0x0 /Applications/ARM/bin/../lib/gcc/arm-none-eabi/10.2.1/../../../../arm-none-eabi/lib/thumb/v7e-m/nofp/libc.a(lib_a-fwalk.o)
 .bss           0x00000000200009ec        0x0 /Applications/ARM/bin/../lib/gcc/arm-none-eabi/10.2.1/../../../../arm-none-eabi/lib/thumb/v7e-m/nofp/libc.a(lib_a-lock.o)
 .bss           0x00000000200009ec        0x0 /Applications/ARM/bin/../lib/gcc/arm-none-eabi/10.2.1/../../../../arm-none-eabi/lib/thumb/v7e-m/nofp/libc.a(lib_a-mallocr.o)
 .bss           0x00000000200009ec        0x0 /Applications/ARM/bin/../lib/gcc/arm-none-eabi/10.2.1/../../../../arm-none-eabi/lib/thumb/v7e-m/nofp/libc.a(lib_a-memchr.o)
 .bss           0x00000000200009ec        0x0 /Applications/ARM/bin/../lib/gcc/arm-none-eabi/10.2.1/../../../../arm-none-eabi/lib/thumb/v7e-m/nofp/libc.a(lib_a-memcpy.o)
 .bss           0x00000000200009ec        0x0 /Applications/ARM/bin/../lib/gcc/arm-none-eabi/10.2.1/../../../../arm-none-eabi/lib/thumb/v7e-m/nofp/libc.a(lib_a-memmove.o)
 .bss           0x00000000200009ec        0x0 /Applications/ARM/bin/../lib/gcc/arm-none-eabi/10.2.1/../../../../arm-none-eabi/lib/thumb/v7e-m/nofp/libc.a(lib_a-mlock.o)
 .bss           0x00000000200009ec        0x0 /Applications/ARM/bin/../lib/gcc/arm-none-eabi/10.2.1/../../../../arm-none-eabi/lib/thumb/v7e-m/nofp/libc.a(lib_a-reallocr.o)
 .bss           0x00000000200009ec        0x0 /Applications/ARM/bin/../lib/gcc/arm-none-eabi/10.2.1/../../../../arm-none-eabi/lib/thumb/v7e-m/nofp/libc.a(lib_a-sbrkr.o)
 .bss           0x00000000200009ec        0x0 /Applications/ARM/bin/../lib/gcc/arm-none-eabi/10.2.1/../../../../arm-none-eabi/lib/thumb/v7e-m/nofp/libc.a(lib_a-stdio.o)
 .bss           0x00000000200009ec        0x0 /Applications/ARM/bin/../lib/gcc/arm-none-eabi/10.2.1/../../../../arm-none-eabi/lib/thumb/v7e-m/nofp/libc.a(lib_a-writer.o)
 .bss           0x00000000200009ec        0x0 /Applications/ARM/bin/../lib/gcc/arm-none-eabi/10.2.1/../../../../arm-none-eabi/lib/thumb/v7e-m/nofp/libc.a(lib_a-wsetup.o)
 .bss           0x00000000200009ec        0x0 /Applications/ARM/bin/../lib/gcc/arm-none-eabi/10.2.1/../../../../arm-none-eabi/lib/thumb/v7e-m/nofp/libc.a(lib_a-__atexit.o)
 .bss           0x00000000200009ec        0x0 /Applications/ARM/bin/../lib/gcc/arm-none-eabi/10.2.1/../../../../arm-none-eabi/lib/thumb/v7e-m/nofp/libc.a(lib_a-closer.o)
 .bss           0x00000000200009ec        0x0 /Applications/ARM/bin/../lib/gcc/arm-none-eabi/10.2.1/../../../../arm-none-eabi/lib/thumb/v7e-m/nofp/libc.a(lib_a-fclose.o)
 .bss           0x00000000200009ec        0x0 /Applications/ARM/bin/../lib/gcc/arm-none-eabi/10.2.1/../../../../arm-none-eabi/lib/thumb/v7e-m/nofp/libc.a(lib_a-fflush.o)
 .bss           0x00000000200009ec        0x0 /Applications/ARM/bin/../lib/gcc/arm-none-eabi/10.2.1/../../../../arm-none-eabi/lib/thumb/v7e-m/nofp/libc.a(lib_a-freer.o)
 .bss           0x00000000200009ec        0x0 /Applications/ARM/bin/../lib/gcc/arm-none-eabi/10.2.1/../../../../arm-none-eabi/lib/thumb/v7e-m/nofp/libc.a(lib_a-lseekr.o)
 .bss           0x00000000200009ec        0x0 /Applications/ARM/bin/../lib/gcc/arm-none-eabi/10.2.1/../../../../arm-none-eabi/lib/thumb/v7e-m/nofp/libc.a(lib_a-makebuf.o)
 .bss           0x00000000200009ec        0x0 /Applications/ARM/bin/../lib/gcc/arm-none-eabi/10.2.1/../../../../arm-none-eabi/lib/thumb/v7e-m/nofp/libc.a(lib_a-readr.o)
 .bss           0x00000000200009ec        0x0 /Applications/ARM/bin/../lib/gcc/arm-none-eabi/10.2.1/../../../../arm-none-eabi/lib/thumb/v7e-m/nofp/libc.a(lib_a-reent.o)
 .bss           0x00000000200009ec        0x0 /Applications/ARM/bin/../lib/gcc/arm-none-eabi/10.2.1/../../../../arm-none-eabi/lib/thumb/v7e-m/nofp/libc.a(lib_a-fstatr.o)
 .bss           0x00000000200009ec        0x0 /Applications/ARM/bin/../lib/gcc/arm-none-eabi/10.2.1/../../../../arm-none-eabi/lib/thumb/v7e-m/nofp/libc.a(lib_a-isattyr.o)
 .bss           0x00000000200009ec        0x0 /Applications/ARM/bin/../lib/gcc/arm-none-eabi/10.2.1/../../../../arm-none-eabi/lib/thumb/v7e-m/nofp/librdimon.a(rdimon-syscalls.o)
 .bss           0x00000000200009ec        0x0 /Applications/ARM/bin/../lib/gcc/arm-none-eabi/10.2.1/../../../../arm-none-eabi/lib/thumb/v7e-m/nofp/librdimon.a(rdimon-_exit.o)
 .bss           0x00000000200009ec        0x0 /Applications/ARM/bin/../lib/gcc/arm-none-eabi/10.2.1/../../../../arm-none-eabi/lib/thumb/v7e-m/nofp/librdimon.a(rdimon-_kill.o)
 .bss           0x00000000200009ec        0x0 /Applications/ARM/bin/../lib/gcc/arm-none-eabi/10.2.1/../../../../arm-none-eabi/lib/thumb/v7e-m/nofp/libc.a(lib_a-errno.o)
 .bss           0x00000000200009ec        0x0 /Applications/ARM/bin/../lib/gcc/arm-none-eabi/10.2.1/thumb/v7e-m/nofp/crtend.o
 .bss           0x00000000200009ec        0x0 /Applications/ARM/bin/../lib/gcc/arm-none-eabi/10.2.1/thumb/v7e-m/nofp/crtn.o
 *(.bss.*)
 .bss.__lock___arc4random_mutex
                0x00000000200009ec        0x1 /Applications/ARM/bin/../lib/gcc/arm-none-eabi/10.2.1/../../../../arm-none-eabi/lib/thumb/v7e-m/nofp/libc.a(lib_a-lock.o)
                0x00000000200009ec                __lock___arc4random_mutex
 *fill*         0x00000000200009ed        0x3 
 .bss.__lock___at_quick_exit_mutex
                0x00000000200009f0        0x1 /Applications/ARM/bin/../lib/gcc/arm-none-eabi/10.2.1/../../../../arm-none-eabi/lib/thumb/v7e-m/nofp/libc.a(lib_a-lock.o)
                0x00000000200009f0                __lock___at_quick_exit_mutex
 *fill*         0x00000000200009f1        0x3 
 .bss.__lock___atexit_recursive_mutex
                0x00000000200009f4        0x1 /Applications/ARM/bin/../lib/gcc/arm-none-eabi/10.2.1/../../../../arm-none-eabi/lib/thumb/v7e-m/nofp/libc.a(lib_a-lock.o)
                0x00000000200009f4                __lock___atexit_recursive_mutex
 *fill*         0x00000000200009f5        0x3 
 .bss.__lock___dd_hash_mutex
                0x00000000200009f8        0x1 /Applications/ARM/bin/../lib/gcc/arm-none-eabi/10.2.1/../../../../arm-none-eabi/lib/thumb/v7e-m/nofp/libc.a(lib_a-lock.o)
                0x00000000200009f8                __lock___dd_hash_mutex
 *fill*         0x00000000200009f9        0x3 
 .bss.__lock___env_recursive_mutex
                0x00000000200009fc        0x1 /Applications/ARM/bin/../lib/gcc/arm-none-eabi/10.2.1/../../../../arm-none-eabi/lib/thumb/v7e-m/nofp/libc.a(lib_a-lock.o)
                0x00000000200009fc                __lock___env_recursive_mutex
 *fill*         0x00000000200009fd        0x3 
 .bss.__lock___malloc_recursive_mutex
                0x0000000020000a00        0x1 /Applications/ARM/bin/../lib/gcc/arm-none-eabi/10.2.1/../../../../arm-none-eabi/lib/thumb/v7e-m/nofp/libc.a(lib_a-lock.o)
                0x0000000020000a00                __lock___malloc_recursive_mutex
 *fill*         0x0000000020000a01        0x3 
 .bss.__lock___sfp_recursive_mutex
                0x0000000020000a04        0x1 /Applications/ARM/bin/../lib/gcc/arm-none-eabi/10.2.1/../../../../arm-none-eabi/lib/thumb/v7e-m/nofp/libc.a(lib_a-lock.o)
                0x0000000020000a04                __lock___sfp_recursive_mutex
 *fill*         0x0000000020000a05        0x3 
 .bss.__lock___sinit_recursive_mutex
                0x0000000020000a08        0x1 /Applications/ARM/bin/../lib/gcc/arm-none-eabi/10.2.1/../../../../arm-none-eabi/lib/thumb/v7e-m/nofp/libc.a(lib_a-lock.o)
                0x0000000020000a08                __lock___sinit_recursive_mutex
 *fill*         0x0000000020000a09        0x3 
 .bss.__lock___tz_mutex
                0x0000000020000a0c        0x1 /Applications/ARM/bin/../lib/gcc/arm-none-eabi/10.2.1/../../../../arm-none-eabi/lib/thumb/v7e-m/nofp/libc.a(lib_a-lock.o)
                0x0000000020000a0c                __lock___tz_mutex
 *fill*         0x0000000020000a0d        0x3 
 .bss.__malloc_current_mallinfo
                0x0000000020000a10       0x28 /Applications/ARM/bin/../lib/gcc/arm-none-eabi/10.2.1/../../../../arm-none-eabi/lib/thumb/v7e-m/nofp/libc.a(lib_a-mallocr.o)
                0x0000000020000a10                __malloc_current_mallinfo
 .bss.__malloc_max_sbrked_mem
                0x0000000020000a38        0x4 /Applications/ARM/bin/../lib/gcc/arm-none-eabi/10.2.1/../../../../arm-none-eabi/lib/thumb/v7e-m/nofp/libc.a(lib_a-mallocr.o)
                0x0000000020000a38                __malloc_max_sbrked_mem
 .bss.__malloc_max_total_mem
                0x0000000020000a3c        0x4 /Applications/ARM/bin/../lib/gcc/arm-none-eabi/10.2.1/../../../../arm-none-eabi/lib/thumb/v7e-m/nofp/libc.a(lib_a-mallocr.o)
                0x0000000020000a3c                __malloc_max_total_mem
 .bss.__malloc_top_pad
                0x0000000020000a40        0x4 /Applications/ARM/bin/../lib/gcc/arm-none-eabi/10.2.1/../../../../arm-none-eabi/lib/thumb/v7e-m/nofp/libc.a(lib_a-mallocr.o)
                0x0000000020000a40                __malloc_top_pad
 .bss.errno     0x0000000020000a44        0x4 /Applications/ARM/bin/../lib/gcc/arm-none-eabi/10.2.1/../../../../arm-none-eabi/lib/thumb/v7e-m/nofp/libc.a(lib_a-reent.o)
                0x0000000020000a44                errno
 .bss.heap_end.0
                0x0000000020000a48        0x4 /Applications/ARM/bin/../lib/gcc/arm-none-eabi/10.2.1/../../../../arm-none-eabi/lib/thumb/v7e-m/nofp/librdimon.a(rdimon-syscalls.o)
 .bss.monitor_stderr
                0x0000000020000a4c        0x4 /Applications/ARM/bin/../lib/gcc/arm-none-eabi/10.2.1/../../../../arm-none-eabi/lib/thumb/v7e-m/nofp/librdimon.a(rdimon-syscalls.o)
 .bss.monitor_stdin
                0x0000000020000a50        0x4 /Applications/ARM/bin/../lib/gcc/arm-none-eabi/10.2.1/../../../../arm-none-eabi/lib/thumb/v7e-m/nofp/librdimon.a(rdimon-syscalls.o)
 .bss.monitor_stdout
                0x0000000020000a54        0x4 /Applications/ARM/bin/../lib/gcc/arm-none-eabi/10.2.1/../../../../arm-none-eabi/lib/thumb/v7e-m/nofp/librdimon.a(rdimon-syscalls.o)
 .bss.openfiles
                0x0000000020000a58       0xa0 /Applications/ARM/bin/../lib/gcc/arm-none-eabi/10.2.1/../../../../arm-none-eabi/lib/thumb/v7e-m/nofp/librdimon.a(rdimon-syscalls.o)
 *(COMMON)
                0x0000000020000af8                . = ALIGN (0x4)
                0x0000000020000af8                _ebss = .
                0x0000000020000af8                __bss_end__ = _ebss
                0x0000000020000af8                . = ALIGN (0x4)
                0x0000000020000af8                end = .
                0x0000000020000af8                __end__ = .
OUTPUT(final_sh.elf elf32-littlearm)
LOAD linker stubs

.ARM.attributes
                0x0000000000000000       0x2a
 .ARM.attributes
                0x0000000000000000       0x1e /Applications/ARM/bin/../lib/gcc/arm-none-eabi/10.2.1/thumb/v7e-m/nofp/crti.o
 .ARM.attributes
                0x000000000000001e       0x2e /Applications/ARM/bin/../lib/gcc/arm-none-eabi/10.2.1/thumb/v7e-m/nofp/crtbegin.o
 .ARM.attributes
                0x000000000000004c       0x1c /Applications/ARM/bin/../lib/gcc/arm-none-eabi/10.2.1/../../../../arm-none-eabi/lib/thumb/v7e-m/nofp/rdimon-crt0.o
 .ARM.attributes
                0x0000000000000068       0x2e main.o
 .ARM.attributes
                0x0000000000000096       0x2e led.o
 .ARM.attributes
                0x00000000000000c4       0x2e stm32_startup.o
 .ARM.attributes
                0x00000000000000f2       0x2e /Applications/ARM/bin/../lib/gcc/arm-none-eabi/10.2.1/../../../../arm-none-eabi/lib/thumb/v7e-m/nofp/libc.a(lib_a-exit.o)
 .ARM.attributes
                0x0000000000000120       0x2e /Applications/ARM/bin/../lib/gcc/arm-none-eabi/10.2.1/../../../../arm-none-eabi/lib/thumb/v7e-m/nofp/libc.a(lib_a-impure.o)
 .ARM.attributes
                0x000000000000014e       0x2e /Applications/ARM/bin/../lib/gcc/arm-none-eabi/10.2.1/../../../../arm-none-eabi/lib/thumb/v7e-m/nofp/libc.a(lib_a-init.o)
 .ARM.attributes
                0x000000000000017c       0x2e /Applications/ARM/bin/../lib/gcc/arm-none-eabi/10.2.1/../../../../arm-none-eabi/lib/thumb/v7e-m/nofp/libc.a(lib_a-memset.o)
 .ARM.attributes
                0x00000000000001aa       0x2e /Applications/ARM/bin/../lib/gcc/arm-none-eabi/10.2.1/../../../../arm-none-eabi/lib/thumb/v7e-m/nofp/libc.a(lib_a-puts.o)
 .ARM.attributes
                0x00000000000001d8       0x1c /Applications/ARM/bin/../lib/gcc/arm-none-eabi/10.2.1/../../../../arm-none-eabi/lib/thumb/v7e-m/nofp/libc.a(lib_a-strlen.o)
 .ARM.attributes
                0x00000000000001f4       0x2e /Applications/ARM/bin/../lib/gcc/arm-none-eabi/10.2.1/../../../../arm-none-eabi/lib/thumb/v7e-m/nofp/libc.a(lib_a-__call_atexit.o)
 .ARM.attributes
                0x0000000000000222       0x2e /Applications/ARM/bin/../lib/gcc/arm-none-eabi/10.2.1/../../../../arm-none-eabi/lib/thumb/v7e-m/nofp/libc.a(lib_a-atexit.o)
 .ARM.attributes
                0x0000000000000250       0x2e /Applications/ARM/bin/../lib/gcc/arm-none-eabi/10.2.1/../../../../arm-none-eabi/lib/thumb/v7e-m/nofp/libc.a(lib_a-findfp.o)
 .ARM.attributes
                0x000000000000027e       0x2e /Applications/ARM/bin/../lib/gcc/arm-none-eabi/10.2.1/../../../../arm-none-eabi/lib/thumb/v7e-m/nofp/libc.a(lib_a-fini.o)
 .ARM.attributes
                0x00000000000002ac       0x2e /Applications/ARM/bin/../lib/gcc/arm-none-eabi/10.2.1/../../../../arm-none-eabi/lib/thumb/v7e-m/nofp/libc.a(lib_a-fvwrite.o)
 .ARM.attributes
                0x00000000000002da       0x2e /Applications/ARM/bin/../lib/gcc/arm-none-eabi/10.2.1/../../../../arm-none-eabi/lib/thumb/v7e-m/nofp/libc.a(lib_a-fwalk.o)
 .ARM.attributes
                0x0000000000000308       0x2e /Applications/ARM/bin/../lib/gcc/arm-none-eabi/10.2.1/../../../../arm-none-eabi/lib/thumb/v7e-m/nofp/libc.a(lib_a-lock.o)
 .ARM.attributes
                0x0000000000000336       0x2e /Applications/ARM/bin/../lib/gcc/arm-none-eabi/10.2.1/../../../../arm-none-eabi/lib/thumb/v7e-m/nofp/libc.a(lib_a-mallocr.o)
 .ARM.attributes
                0x0000000000000364       0x1c /Applications/ARM/bin/../lib/gcc/arm-none-eabi/10.2.1/../../../../arm-none-eabi/lib/thumb/v7e-m/nofp/libc.a(lib_a-memchr.o)
 .ARM.attributes
                0x0000000000000380       0x1c /Applications/ARM/bin/../lib/gcc/arm-none-eabi/10.2.1/../../../../arm-none-eabi/lib/thumb/v7e-m/nofp/libc.a(lib_a-memcpy.o)
 .ARM.attributes
                0x000000000000039c       0x2e /Applications/ARM/bin/../lib/gcc/arm-none-eabi/10.2.1/../../../../arm-none-eabi/lib/thumb/v7e-m/nofp/libc.a(lib_a-memmove.o)
 .ARM.attributes
                0x00000000000003ca       0x2e /Applications/ARM/bin/../lib/gcc/arm-none-eabi/10.2.1/../../../../arm-none-eabi/lib/thumb/v7e-m/nofp/libc.a(lib_a-mlock.o)
 .ARM.attributes
                0x00000000000003f8       0x2e /Applications/ARM/bin/../lib/gcc/arm-none-eabi/10.2.1/../../../../arm-none-eabi/lib/thumb/v7e-m/nofp/libc.a(lib_a-reallocr.o)
 .ARM.attributes
                0x0000000000000426       0x2e /Applications/ARM/bin/../lib/gcc/arm-none-eabi/10.2.1/../../../../arm-none-eabi/lib/thumb/v7e-m/nofp/libc.a(lib_a-sbrkr.o)
 .ARM.attributes
                0x0000000000000454       0x2e /Applications/ARM/bin/../lib/gcc/arm-none-eabi/10.2.1/../../../../arm-none-eabi/lib/thumb/v7e-m/nofp/libc.a(lib_a-stdio.o)
 .ARM.attributes
                0x0000000000000482       0x2e /Applications/ARM/bin/../lib/gcc/arm-none-eabi/10.2.1/../../../../arm-none-eabi/lib/thumb/v7e-m/nofp/libc.a(lib_a-writer.o)
 .ARM.attributes
                0x00000000000004b0       0x2e /Applications/ARM/bin/../lib/gcc/arm-none-eabi/10.2.1/../../../../arm-none-eabi/lib/thumb/v7e-m/nofp/libc.a(lib_a-wsetup.o)
 .ARM.attributes
                0x00000000000004de       0x2e /Applications/ARM/bin/../lib/gcc/arm-none-eabi/10.2.1/../../../../arm-none-eabi/lib/thumb/v7e-m/nofp/libc.a(lib_a-__atexit.o)
 .ARM.attributes
                0x000000000000050c       0x2e /Applications/ARM/bin/../lib/gcc/arm-none-eabi/10.2.1/../../../../arm-none-eabi/lib/thumb/v7e-m/nofp/libc.a(lib_a-closer.o)
 .ARM.attributes
                0x000000000000053a       0x2e /Applications/ARM/bin/../lib/gcc/arm-none-eabi/10.2.1/../../../../arm-none-eabi/lib/thumb/v7e-m/nofp/libc.a(lib_a-fclose.o)
 .ARM.attributes
                0x0000000000000568       0x2e /Applications/ARM/bin/../lib/gcc/arm-none-eabi/10.2.1/../../../../arm-none-eabi/lib/thumb/v7e-m/nofp/libc.a(lib_a-fflush.o)
 .ARM.attributes
                0x0000000000000596       0x2e /Applications/ARM/bin/../lib/gcc/arm-none-eabi/10.2.1/../../../../arm-none-eabi/lib/thumb/v7e-m/nofp/libc.a(lib_a-freer.o)
 .ARM.attributes
                0x00000000000005c4       0x2e /Applications/ARM/bin/../lib/gcc/arm-none-eabi/10.2.1/../../../../arm-none-eabi/lib/thumb/v7e-m/nofp/libc.a(lib_a-lseekr.o)
 .ARM.attributes
                0x00000000000005f2       0x2e /Applications/ARM/bin/../lib/gcc/arm-none-eabi/10.2.1/../../../../arm-none-eabi/lib/thumb/v7e-m/nofp/libc.a(lib_a-makebuf.o)
 .ARM.attributes
                0x0000000000000620       0x2e /Applications/ARM/bin/../lib/gcc/arm-none-eabi/10.2.1/../../../../arm-none-eabi/lib/thumb/v7e-m/nofp/libc.a(lib_a-readr.o)
 .ARM.attributes
                0x000000000000064e       0x2e /Applications/ARM/bin/../lib/gcc/arm-none-eabi/10.2.1/../../../../arm-none-eabi/lib/thumb/v7e-m/nofp/libc.a(lib_a-reent.o)
 .ARM.attributes
                0x000000000000067c       0x2e /Applications/ARM/bin/../lib/gcc/arm-none-eabi/10.2.1/../../../../arm-none-eabi/lib/thumb/v7e-m/nofp/libc.a(lib_a-fstatr.o)
 .ARM.attributes
                0x00000000000006aa       0x2e /Applications/ARM/bin/../lib/gcc/arm-none-eabi/10.2.1/../../../../arm-none-eabi/lib/thumb/v7e-m/nofp/libc.a(lib_a-isattyr.o)
 .ARM.attributes
                0x00000000000006d8       0x2e /Applications/ARM/bin/../lib/gcc/arm-none-eabi/10.2.1/../../../../arm-none-eabi/lib/thumb/v7e-m/nofp/librdimon.a(rdimon-syscalls.o)
 .ARM.attributes
                0x0000000000000706       0x2e /Applications/ARM/bin/../lib/gcc/arm-none-eabi/10.2.1/../../../../arm-none-eabi/lib/thumb/v7e-m/nofp/librdimon.a(rdimon-_exit.o)
 .ARM.attributes
                0x0000000000000734       0x2e /Applications/ARM/bin/../lib/gcc/arm-none-eabi/10.2.1/../../../../arm-none-eabi/lib/thumb/v7e-m/nofp/librdimon.a(rdimon-_kill.o)
 .ARM.attributes
                0x0000000000000762       0x2e /Applications/ARM/bin/../lib/gcc/arm-none-eabi/10.2.1/../../../../arm-none-eabi/lib/thumb/v7e-m/nofp/libc.a(lib_a-errno.o)
 .ARM.attributes
                0x0000000000000790       0x2e /Applications/ARM/bin/../lib/gcc/arm-none-eabi/10.2.1/thumb/v7e-m/nofp/crtend.o
 .ARM.attributes
                0x00000000000007be       0x1e /Applications/ARM/bin/../lib/gcc/arm-none-eabi/10.2.1/thumb/v7e-m/nofp/crtn.o

.comment        0x0000000000000000       0x4d
 .comment       0x0000000000000000       0x4d main.o
                                         0x4e (size before relaxing)
 .comment       0x000000000000004d       0x4e led.o
 .comment       0x000000000000004d       0x4e stm32_startup.o

.debug_frame    0x0000000000000000      0xe04
 .debug_frame   0x0000000000000000       0x28 /Applications/ARM/bin/../lib/gcc/arm-none-eabi/10.2.1/../../../../arm-none-eabi/lib/thumb/v7e-m/nofp/libc.a(lib_a-exit.o)
 .debug_frame   0x0000000000000028       0x2c /Applications/ARM/bin/../lib/gcc/arm-none-eabi/10.2.1/../../../../arm-none-eabi/lib/thumb/v7e-m/nofp/libc.a(lib_a-init.o)
 .debug_frame   0x0000000000000054       0x2c /Applications/ARM/bin/../lib/gcc/arm-none-eabi/10.2.1/../../../../arm-none-eabi/lib/thumb/v7e-m/nofp/libc.a(lib_a-memset.o)
 .debug_frame   0x0000000000000080       0x4c /Applications/ARM/bin/../lib/gcc/arm-none-eabi/10.2.1/../../../../arm-none-eabi/lib/thumb/v7e-m/nofp/libc.a(lib_a-puts.o)
 .debug_frame   0x00000000000000cc       0x5c /Applications/ARM/bin/../lib/gcc/arm-none-eabi/10.2.1/../../../../arm-none-eabi/lib/thumb/v7e-m/nofp/libc.a(lib_a-__call_atexit.o)
 .debug_frame   0x0000000000000128       0x20 /Applications/ARM/bin/../lib/gcc/arm-none-eabi/10.2.1/../../../../arm-none-eabi/lib/thumb/v7e-m/nofp/libc.a(lib_a-atexit.o)
 .debug_frame   0x0000000000000148      0x154 /Applications/ARM/bin/../lib/gcc/arm-none-eabi/10.2.1/../../../../arm-none-eabi/lib/thumb/v7e-m/nofp/libc.a(lib_a-findfp.o)
 .debug_frame   0x000000000000029c       0x34 /Applications/ARM/bin/../lib/gcc/arm-none-eabi/10.2.1/../../../../arm-none-eabi/lib/thumb/v7e-m/nofp/libc.a(lib_a-fini.o)
 .debug_frame   0x00000000000002d0       0x64 /Applications/ARM/bin/../lib/gcc/arm-none-eabi/10.2.1/../../../../arm-none-eabi/lib/thumb/v7e-m/nofp/libc.a(lib_a-fvwrite.o)
 .debug_frame   0x0000000000000334       0x54 /Applications/ARM/bin/../lib/gcc/arm-none-eabi/10.2.1/../../../../arm-none-eabi/lib/thumb/v7e-m/nofp/libc.a(lib_a-fwalk.o)
 .debug_frame   0x0000000000000388       0xb0 /Applications/ARM/bin/../lib/gcc/arm-none-eabi/10.2.1/../../../../arm-none-eabi/lib/thumb/v7e-m/nofp/libc.a(lib_a-lock.o)
 .debug_frame   0x0000000000000438       0x4c /Applications/ARM/bin/../lib/gcc/arm-none-eabi/10.2.1/../../../../arm-none-eabi/lib/thumb/v7e-m/nofp/libc.a(lib_a-mallocr.o)
 .debug_frame   0x0000000000000484       0x40 /Applications/ARM/bin/../lib/gcc/arm-none-eabi/10.2.1/../../../../arm-none-eabi/lib/thumb/v7e-m/nofp/libc.a(lib_a-memmove.o)
 .debug_frame   0x00000000000004c4       0x30 /Applications/ARM/bin/../lib/gcc/arm-none-eabi/10.2.1/../../../../arm-none-eabi/lib/thumb/v7e-m/nofp/libc.a(lib_a-mlock.o)
 .debug_frame   0x00000000000004f4       0x48 /Applications/ARM/bin/../lib/gcc/arm-none-eabi/10.2.1/../../../../arm-none-eabi/lib/thumb/v7e-m/nofp/libc.a(lib_a-reallocr.o)
 .debug_frame   0x000000000000053c       0x2c /Applications/ARM/bin/../lib/gcc/arm-none-eabi/10.2.1/../../../../arm-none-eabi/lib/thumb/v7e-m/nofp/libc.a(lib_a-sbrkr.o)
 .debug_frame   0x0000000000000568       0x8c /Applications/ARM/bin/../lib/gcc/arm-none-eabi/10.2.1/../../../../arm-none-eabi/lib/thumb/v7e-m/nofp/libc.a(lib_a-stdio.o)
 .debug_frame   0x00000000000005f4       0x2c /Applications/ARM/bin/../lib/gcc/arm-none-eabi/10.2.1/../../../../arm-none-eabi/lib/thumb/v7e-m/nofp/libc.a(lib_a-writer.o)
 .debug_frame   0x0000000000000620       0x2c /Applications/ARM/bin/../lib/gcc/arm-none-eabi/10.2.1/../../../../arm-none-eabi/lib/thumb/v7e-m/nofp/libc.a(lib_a-wsetup.o)
 .debug_frame   0x000000000000064c       0x34 /Applications/ARM/bin/../lib/gcc/arm-none-eabi/10.2.1/../../../../arm-none-eabi/lib/thumb/v7e-m/nofp/libc.a(lib_a-__atexit.o)
 .debug_frame   0x0000000000000680       0x2c /Applications/ARM/bin/../lib/gcc/arm-none-eabi/10.2.1/../../../../arm-none-eabi/lib/thumb/v7e-m/nofp/libc.a(lib_a-closer.o)
 .debug_frame   0x00000000000006ac       0x3c /Applications/ARM/bin/../lib/gcc/arm-none-eabi/10.2.1/../../../../arm-none-eabi/lib/thumb/v7e-m/nofp/libc.a(lib_a-fclose.o)
 .debug_frame   0x00000000000006e8       0x70 /Applications/ARM/bin/../lib/gcc/arm-none-eabi/10.2.1/../../../../arm-none-eabi/lib/thumb/v7e-m/nofp/libc.a(lib_a-fflush.o)
 .debug_frame   0x0000000000000758       0x8c /Applications/ARM/bin/../lib/gcc/arm-none-eabi/10.2.1/../../../../arm-none-eabi/lib/thumb/v7e-m/nofp/libc.a(lib_a-freer.o)
 .debug_frame   0x00000000000007e4       0x2c /Applications/ARM/bin/../lib/gcc/arm-none-eabi/10.2.1/../../../../arm-none-eabi/lib/thumb/v7e-m/nofp/libc.a(lib_a-lseekr.o)
 .debug_frame   0x0000000000000810       0x70 /Applications/ARM/bin/../lib/gcc/arm-none-eabi/10.2.1/../../../../arm-none-eabi/lib/thumb/v7e-m/nofp/libc.a(lib_a-makebuf.o)
 .debug_frame   0x0000000000000880       0x2c /Applications/ARM/bin/../lib/gcc/arm-none-eabi/10.2.1/../../../../arm-none-eabi/lib/thumb/v7e-m/nofp/libc.a(lib_a-readr.o)
 .debug_frame   0x00000000000008ac       0x64 /Applications/ARM/bin/../lib/gcc/arm-none-eabi/10.2.1/../../../../arm-none-eabi/lib/thumb/v7e-m/nofp/libc.a(lib_a-reent.o)
 .debug_frame   0x0000000000000910       0x2c /Applications/ARM/bin/../lib/gcc/arm-none-eabi/10.2.1/../../../../arm-none-eabi/lib/thumb/v7e-m/nofp/libc.a(lib_a-fstatr.o)
 .debug_frame   0x000000000000093c       0x2c /Applications/ARM/bin/../lib/gcc/arm-none-eabi/10.2.1/../../../../arm-none-eabi/lib/thumb/v7e-m/nofp/libc.a(lib_a-isattyr.o)
 .debug_frame   0x0000000000000968      0x414 /Applications/ARM/bin/../lib/gcc/arm-none-eabi/10.2.1/../../../../arm-none-eabi/lib/thumb/v7e-m/nofp/librdimon.a(rdimon-syscalls.o)
 .debug_frame   0x0000000000000d7c       0x28 /Applications/ARM/bin/../lib/gcc/arm-none-eabi/10.2.1/../../../../arm-none-eabi/lib/thumb/v7e-m/nofp/librdimon.a(rdimon-_exit.o)
 .debug_frame   0x0000000000000da4       0x40 /Applications/ARM/bin/../lib/gcc/arm-none-eabi/10.2.1/../../../../arm-none-eabi/lib/thumb/v7e-m/nofp/librdimon.a(rdimon-_kill.o)
 .debug_frame   0x0000000000000de4       0x20 /Applications/ARM/bin/../lib/gcc/arm-none-eabi/10.2.1/../../../../arm-none-eabi/lib/thumb/v7e-m/nofp/libc.a(lib_a-errno.o)
