main.c:23:5:main	8	static
main.c:46:6:enable_processor_faults	16	static
main.c:56:6:init_systick	32	static
main.c:75:30:SysTick_Handler	0	static,ignoring_inline_asm
main.c:112:30:init_sched_stack	0	static,ignoring_inline_asm
main.c:118:6:init_tasks_stack	24	static
main.c:145:10:get_psp	4	static
main.c:150:6:save_psp	16	static
main.c:155:6:select_next_task	4	static
main.c:161:30:switch_to_psp	0	static,ignoring_inline_asm
main.c:180:6:task0_handler	8	static
main.c:191:6:task1_handler	8	static
main.c:202:6:task2_handler	8	static
main.c:213:6:task3_handler	8	static
main.c:224:6:HardFault_Handler	8	static
main.c:230:6:UsageFault_Handler_c	8	static
main.c:236:6:BusFault_Handler	8	static
main.c:242:6:MemManage_Handler	8	static
