main.c:32:5:main	8	static
main.c:51:6:enable_processor_faults	16	static
main.c:61:6:init_systick	32	static
main.c:80:6:SysTick_Handler	8	static
main.c:89:6:schedule	16	static
main.c:96:30:PendSV_Handler	0	static,ignoring_inline_asm
main.c:132:30:init_sched_stack	0	static,ignoring_inline_asm
main.c:138:6:init_tasks	24	static
main.c:185:6:unblock_tasks	16	static
main.c:199:10:get_psp	4	static
main.c:204:6:save_psp	16	static
main.c:209:6:select_next_task	16	static
main.c:226:30:switch_to_psp	0	static,ignoring_inline_asm
main.c:245:6:task_delay	16	static,ignoring_inline_asm
main.c:263:6:task0_handler	4	static
main.c:268:6:task1_handler	8	static
main.c:279:6:task2_handler	8	static
main.c:290:6:task3_handler	8	static
main.c:301:6:task4_handler	8	static
main.c:312:6:HardFault_Handler	8	static
main.c:318:6:UsageFault_Handler_c	8	static
main.c:324:6:BusFault_Handler	8	static
main.c:330:6:MemManage_Handler	8	static
